[    0000]Initlingcgro ssy cput    0.00] Iniazig cgup subs cpu
[    0.000000] Initializing cgroup subsys cpuacct
[    0.000000] Linux version 4.086genec uiddcy-ad64-2)gc vsi 54.0 1609(Ubuntu 5.4.0-6ubuntu1~16.04.12) ) #216-Ubuntu SMP Wed Jul 1 05:34:05 UTC 2020 (Ubuntu 4.4.0-186.216-generic 4.4.228)
[    0.000000] Command line: BOOT_IMAGE=/boot/vmlinuz-4.4.0-186geriroot=LELloudg-ots roonletty1onlettyS0   0.000 KRNEL sppte cpu
  0.000000  tel nueItel
[  0000] AM AuthenticAMD
[    0.000000]   Centaur CentaurHauls
[    0.000000] x86/fpu: xstate_offset[2]:  576, xstate_sizes[2]:  256
[    0.000000] x86/fpu: Supporting XSAVE featurex01: x87 floating pint registers'
[    0.000000] x86/fpu: Supporting XSAVE feature 0x02: 'SSE registers'
[    0.000000] x86/fpu: Supporting XSAVE feature 0x04: 'AVX registers'
[    0.000000] x86/fpu: Enabled xstate features 0x7, context size is 832 bytes, using 'standard' format.
[    0.000000] e820: BIOS-provided physical RAM map:
[    0.000000] BIOS-e820: [mem 0x0000000000000000-0x000000000009fbff] usable
[    0.000000] BIOS-e820: [mem 0x000000000009fc00-0x000000000009ffff] reserved
[    0.000000] BIOS-e820: [mem 0x00000000000f0000-0x00000000000fffff] reserved
[    0.000000] BIOS-e820: [mem 0x0000000000100000-0x000000003ffeffff] usable
[    0.000000] BIOS-e820: [mem 0x000000003fff0000-0x000000003fffffff] ACPI data
[    0.000000] BIOS-e820: [mem 0x00000000fec00000-0x00000000fec00fff] reserved
[    0.000000] BIOS-e820: [mem 0x00000000fee00000-0x00000000fee00fff] reserved
[    0.000000] BIOS-e820: [mem 0x00000000fffc0000-0x00000000ffffffff] reserved
[    0.000000] NX (Execute Disable) protection: active
[    0.000000] SMBIOS 2.5 present.
[    0.000000] Hypervisor detected: KVM
[    0.000000] e820: last_pfn = 0x3fff0 max_arch_pfn = 0x400000000
[    0.000000] MTRR: Disabled
[   00000] 6/T:MTs saled,skpi PATnialzationto
    0000 CPU MRRal bla -irualizesyem.
[   00000] 6/T:Confurio [0-7]WBWT  UCUCWB WT  U U 
[  0.000] foud SMMPtablatme 0x0009fff0-0x0009ffff] mapped at [ffff800009fff0]
  0.0000] anin 1reasor lowemy orptn
[   0.000000] RAMDISK: [mem 0x362e2000-0x37168fff]
[    0.000000] ACPI: Early table checksum verification disabled
[    0.000000] ACPI: RSDP 0x00000000000E0000 000024 (v02 VBOX  )
[    0.000000] ACPI: XSDT 0x000000003FFF0030 00003C (v01 VBOX   VBOXXSDT 00000001 ASL  00000061)
[    0.000000] ACPI: FACP 0x000000003FFF00F0 0000F4 (v04 VBOX   VBOXFACP 00000001 ASL  00000061)
[    0.000000] ACPI: DSDT 0x000000003FFF0470 0021FF (v02 VBOX   VBOXBIOS 00000002 INTL 20100528)
[    0.000000] ACPI: FACS 0x000000003FFF0200 000040
[    0.000000] ACPI: FACS 0x000000003FFF0200 000040
[    0.000000] ACPI: APIC 0x000000003FFF0240 00005C (v02 VBOX   VBOXAPIC 00000001 ASL  00000061)
[    0.000000] ACPI: SSDT 0x000000003FFF02A0 0001CC (v01 VBOX   VBOXCPUT 00000002 INTL 20100528)
[    0.000000] No NUMA configuration found
[    0.000000] Faking a node at [mem 0x0000000000000000-0x000000003ffeffff]
[    0.000000] NODE_DATA(0) allocated [mem 0x3ffeb000-0x3ffeffff]
[    0.000000] kvm-clock: Using msrs 4b564d01 and 4b564d00
[    0.000000] kvm-clock: cpu 0, msr 0:3ffe3001, primary cpu clock
[    0.000000] kvm-clock: using sched offset of 3945034360 cycles
[    0.000000] clocksource: kvm-clock: mask: 0xffffffffffffffff max_cycles: 0x1cd42e4dffb, max_idle_ns: 881590591483 ns
[    0.000000] Zone ranges:
[    0.000000]   DMA      [mem 0x0000000000001000-0x0000000000ffffff]
[    0.000000]   DMA32    [mem 0x0000000001000000-0x000000003ffeffff]
[    0.000000]   Normal   empty
[    0.000000]   Device   empty
[    0.000000] Movable zone start for each node
[    0.000000] Early memory node ranges
[    0.000000]   node   0: [mem 0x0000000000001000-0x000000000009efff]
[    0.000000]   node   0: [mem 0x0000000000100000-0x000000003ffeffff]
[    0.000000] Initmem setup node 0 [mem 0x0000000000001000-0x000000003ffeffff]
[    0.000000] ACPI: PM-Timer IO Port: 0x4008
[    0.000000] IOAPIC[0]: apic_id 2, version 32, address 0xfec00000, GSI 0-23
[    0.000000] ACPI: INT_SRC_OVR (bus 0 bus_irq 0 global_irq 2 dfl dfl)
[    0.000000] ACPI: INT_SRC_OVR (bus 0us_iq glal_irq l lev)
[  0.0000] in ACPI AD for S cfiguration infmaon
[  00000] smbo: llowg CPs, 0 htpg PUs  0.0000PM Registered nosave mmo: [mem 0x0000000-0x00ff]
[    0.000000] PM: Registered nosave memory: [mem 0x0009f000-0x0009ffff]
[    0.000000] PM: Registered nosave memory: [mem 0x000a0000-0x000effff]
[    0.000000] PM: Registered nosave memory: [mem 0x000f0000-0x000fffff]
[    0.000000] e820: [mem 0x40000000-0xfebfffff] availaleor P dics
[  0000 Btig paviuaized krnel oKVM
[    0.000000] clocksource: refined-jiffies: mask: 0xffffffff max_cycles: 0xffffffff, max_idle_ns: 7645519600211568 ns
[    0.000000] setup_percpu: NR_CPUS:512 nr_cpumask__bits12r_cpid2 r_nodeds
[    00000PERCPU: beed33 pespu@fff80fc0000952 8192314 10486    0.00] But zoelists  Ne rde miltyroin on.Tol ag: 792
[  000000PocyzoneDM2
[  00000]erl ommandin BOOT_AG/bot/vmluz.4.0-1-gerc rootABEL=cloudimg-rootfs rconsoltt cnsole=yS
[    0.000 PD hashab entries: 4096 (order: 3, 32768 bytes)
[    0.000000] Memory: 997668K/1048120K available (8636K kernel code, 1337K rwdata, 4040K rodata, 1492K init, 1296K bss, 50452K reserved, 0K cma-reserved)
[    0.000000] SLUB: HWalign=64, Order=0-3, MinObjects=0, CPUs=2, Nodes=1
[    0.000000] Kernel/User page tables isolation: enabled
[    0.000000] Hierarchical RCU implementation.
[    0.000000] 	Build-time adjustment of leaf fanout to 64.
[    0.000000] 	RCU restricting CPUs from NR_CPUS=512 to nr_cpu_ids=2.
[    0.000000] RCU: Adjusting geometry for rcu_fanout_leaf=64, nr_cpu_ids=2
[    0.000000] NR_IRQS:33024 nr_irqs:440 16
[    0.000000] CsolecourVGA+0x
  0.000] conlett1]naed
[  0.000]onle[tty] abed
[    0.000000] tsc: Detected 3357.944 MHz processor
[    6.505921] Calibrating delay loop (skipped) preset value.. 6715.88 BogoMIPS (lpj=13431776)
[    6.523272] pid_max: default: 32768 minimum: 301
[    6.523934] ACPI: Core revision 20150930
[    6.525232] ACPI: 2 ACPI AML tables successfully acquired and loaded
[    6.656299] Security Framework initialized
[    6.780705] Yama: becoming mindful.
[    6.876207] AppArmor: AppArmor initialized
[    6.938656] Dentry cache hash table entries: 131072 (order: 8, 1048576 bytes)
[    6.949767] Inode-cache hash table entries: 65536 (order: 7, 524288 bytes)
[    6.968957] Mount-cache hash table entries: 2048 (order: 2, 16384 bytes)
[    6.973742] Mountpoint-cache hash table entries: 2048 (order: 2, 16384 bytes)
[    7.163950] Initializing cgroup subsys io
[    7.278459] Initializing cgroup subsys memory
[    7.394941] Initializing cgroup subsys devices
[    7.530437] Initializing cgroup subsys freezer
[    7.661806] Initializing cgroup subsys net_cls
[    7.786769] Initializing cgroup subsys perf_event
[    7.922925] Initializing cgroup subsys net_prio
[    8.034601] Initializing cgroup subsys hugetlb
[    8.045049] Initializing cgroup subsys pids
[    8.046807] mce: CPU supports 0 MCE banks
[    8.086424] Last level iTLB entries: 4KB 128, 2MB 8, 4MB 8
[    8.224490] Last level dTLB entries: 4KB 64, 2MB 0, 4MB 0, 1GB 4
[    8.225294] Spectre V1 : Mitigation: usercopy/swapgs barriers and __user pointer sanitization
[    8.226497] Spectre V2 : Mitigation: Full generic retpoline
[    8.390887] Spectre V2 : Spectre v2 / SpectreRSB mitigation: Filling RSB on context switch
[    8.640247] Speculative Store Bypass: Vulnerable
[    8.780090] SRBDS: Unknown: Dependent on hypervisor status
[    8.938637] MDS: Mitigation: Clear CPU buffers
[    9.074814] Freeing SMP alternatives memory: 36K
[    9.114894] ftrace: allocating 32334 entries in 127 pages
[    9.166314] smpboot: APIC(0) Converting physical 0 to logical package 0
[    9.351431] smpboot: Max logical packages: 1
[    9.369632] x2apic enabled
[    9.370328] Switched APIC routing to physical x2apic.
[    9.385685] ..TIMER: vector=0x30 apic1=0 pin1=2 apic2=-1 pin2=-1
[    9.559492] APIC calibration not consistent with PM-Timer: 98ms instead of 100ms
[    9.567661] APIC delta adjusted to PM-Timer: 6249944 (6138164)
[    9.584117] smpboot: CPU0: Intel(R) Core(TM) i5-7500 CPU @ 3.40GHz (family: 0x6, model: 0x9e, stepping: 0x9)
[    9.631648] Performance Events: unsupported p6 CPU model 158 no PMU driver, software events only.
[    9.654461] KVM setup paravirtual spinlock
[    9.661706] x86: Booting SMP configuration:
[    9.668759] .... node  #0, CPUs:      #1
[    9.689099] kvm-clock: cpu 1, msr 0:3ffe3041, secondary cpu clock
[    9.703052] mce: CPU supports 0 MCE banks
[    9.708322] x86: Booted up 1 node, 2 CPUs
[    9.716077] smpboot: Total of 2 processors activated (13431.77 BogoMIPS)
[    9.779427] devtmpfs: initialized
[    9.783138] evm: security.selinux
[    9.785779] evm: security.SMACK64
[    9.811069] evm: security.SMACK64EXEC
[    9.820875] evm: security.SMACK64TRANSMUTE
[    9.822621] evm: security.SMACK64MMAP
[    9.823340] evm: security.ima
[    9.825947] evm: security.capability
[    9.826718] clocksource: jiffies: mask: 0xffffffff max_cycles: 0xffffffff, max_idle_ns: 7645041785100000 ns
[    9.862886] futex hash table entries: 512 (order: 3, 32768 bytes)
[    9.875439] pinctrl core: initialized pinctrl subsystem
[    9.898625] RTC time:  0:58:12, date: 08/31/20
[    9.918681] NET: Registered protocol family 16
[    9.936784] cpuidle: using governor ladder
[    9.957364] cpuidle: using governor menu
[    9.961909] PCCT header not found.
[    9.968510] ACPI: bus type PCI registered
[    9.969154] acpiphp: ACPI Hot Plug PCI Controller Driver version: 0.5
[    9.970149] PCI: Using configuration type 1 for base access
[    9.982487] ACPI: Added _OSI(Module Device)
[   10.073495] ACPI: Added _OSI(Processor Device)
[   10.095452] ACPI: Added _OSI(3.0 _SCP Extensions)
[   10.149519] ACPI: Added _OSI(Processor Aggregator Device)
[   10.227233] ACPI: Executed 1 blocks of module-level executable AML code
[   10.309832] ACPI: Interpreter enabled
[   10.343664] ACPI: (supports S0 S5)
[   10.344202] ACPI: Using IOAPIC for interrupt routing
[   10.490512] PCI: Using host bridge windows from ACPI; if necessary, use "pci=nocrs" and report a bug
[   10.759563] ACPI: PCI Root Bridge [PCI0] (domain 0000 [bus 00-ff])
[   10.947465] acpi PNP0A03:00: _OSC: OS supports [ASPM ClockPM Segments MSI]
[   11.153024] acpi PNP0A03:00: _OSC: not requesting OS control; OS requires [ExtendedConfig ASPM ClockPM MSI]
[   11.332605] acpi PNP0A03:00: fail to add MMCONFIG information, can't access extended PCI configuration space under this bridge.
[   11.361125] PCI host bridge to bus 0000:00
[   11.361776] pci_bus 0000:00: root bus resource [io  0x0000-0x0cf7 window]
[   11.362697] pci_bus 0000:00: root bus resource [io  0x0d00-0xffff window]
[   11.524449] pci_bus 0000:00: root bus resource [mem 0x000a0000-0x000bffff window]
[   11.525653] pci_bus 0000:00: root bus resource [mem 0x40000000-0xfdffffff window]
[   11.539824] pci_bus 0000:00: root bus resource [bus 00-ff]
[   11.549501] pci 0000:00:01.1: legacy IDE quirk: reg 0x10: [io  0x01f0-0x01f7]
[   11.612051] pci 0000:00:01.1: legacy IDE quirk: reg 0x14: [io  0x03f6]
[   11.612931] pci 0000:00:01.1: legacy IDE quirk: reg 0x18: [io  0x0170-0x0177]
[   11.756349] pci 0000:00:01.1: legacy IDE quirk: reg 0x1c: [io  0x0376]
[   11.937581] pci 0000:00:07.0: quirk: [io  0x4000-0x403f] claimed by PIIX4 ACPI
[   12.153992] pci 0000:00:07.0: quirk: [io  0x4100-0x410f] claimed by PIIX4 SMB
[   12.365094] ACPI: PCI Interrupt Link [LNKA] (IRQs 5 9 10 *11)
[   12.404233] ACPI: PCI Interrupt Link [LNKB] (IRQs 5 9 *10 11)
[   12.433814] ACPI: PCI Interrupt Link [LNKC] (IRQs 5 *9 10 11)
[   12.509853] ACPI: PCI Interrupt Link [LNKD] (IRQs 5 9 10 *11)
[   12.613678] ACPI: Enabled 2 GPEs in block 00 to 07
[   12.745552] vgaarb: setting as boot device: PCI:0000:00:02.0
[   12.918351] vgaarb: device added: PCI:0000:00:02.0,decodes=io+mem,owns=io+mem,locks=none
[   13.139743] vgaarb: loaded
[   13.150934] vgaarb: bridge control possible 0000:00:02.0
[   13.191706] SCSI subsystem initialized
[   13.192418] ACPI: bus type USB registered
[   13.290300] usbcore: registered new interface driver usbfs
[   13.454788] usbcore: registered new interface driver hub
[   13.480279] usbcore: registered new device driver usb
[   13.495096] PCI: Using ACPI for IRQ routing
[   13.501311] NetLabel: Initializing
[   13.525324] NetLabel:  domain hash size = 128
[   13.650065] NetLabel:  protocols = UNLABELED CIPSOv4
[   13.741981] NetLabel:  unlabeled traffic allowed by default
[   13.742929] amd_nb: Cannot enumerate AMD northbridges
[   13.743742] clocksource: Switched to clocksource kvm-clock
[   13.749453] AppArmor: AppArmor Filesystem Enabled
[ 13193]npPnAC it  4.161765] pnp: PnP ACPI: found 3 devices
[   14.417190] clocksource: acpi_pm: mask: 0xffffff max_cycles: 0xffffff, max_idle_ns: 2085701024 ns
[ 14017]ETRestedrocofaly 2

[   15.075963] TCP established hash table entries: 8192 (order: 4, 65536 bytes)
[   15.444544] TCP bind hash table entries: 8192 (order: 5, 131072 bytes)
[   15.647682] TCP: Hash tables configured (established 8192 bind 8192)
[   15.707442] UDP hash table entries: 512 (order: 2, 16384 bytes)
[   15.708278] UDP-Lite hash table entries: 512 (order: 2, 16384 bytes)
[ 15095]ETRestedrooc fil1  6.191291] pci 0000:00:00.0: Limiting direct PCI/PCI transfers
  6.09] i 0000:001.: titi I D hg rkous  7.96523] Unpacininitramfs...

[   77558188]]FFeeiiggiiiirrd memory: 1477KK

[   17.917504] clokkoorree  ss::mmss::00fffffffffffffffff ma__yyllss  xx3077eeee66,,mmaxiill__ss  440755666426 ns
[   18.904556] platform rtc_cmos: registered platform RTC device (no PNP device found)
[   18.905820] Scanning for low memory corruption every 60 seconds
[   18.945593] audit: initializing netlink subsys (disabled)
[   18.965154] audit: type=2000 audit(1598835494.520:1): initialized
[   18.966225] Initialise system trusted keyring
[   18.967222] HggTTBBrrggssteee    BBppgge iiee  rr--llloaaee    aaee
[   99663336]]zzuu::llaade
[   999918584] VFS: Disk quotas dquot_6.6.0
[   19.990258] VFS: Dquot-cache hash table entries: 512 (order 0, 4096 bytes)
[   20.021205] squashfs: version 4.0 (2009/01/31) Phillip Lougher
[   20.022268] fuse init (API version 7.23)
[   20.041236] Key type big_key registered
[   20.061384] Allocating IAAMMKKaaddbbaacklistkkeyiigg..
[   20558800]] Kyyttpp  ssmmmerrccrrggsseere
[   00993386]]AAsymmetric key parser 'x509' registered
[   21.094158] Block layer SCSI generic (bsg) driver version 0.4 loaded (major 249)
[   21.122134] io scheduler noop registered
[   21.122763] io scheduler deadline registered (default)
[   21.123525] io scheduler cfq registered
[   21.124234] pci_hotplug: PCI Hot Plug PCI Core version: 0.5
[   21.125032] pciehp: PCI Express Hot Plug Controller Driver version: 0.4
[   21.126041] ACPI: AC Adapter [AC] (on-line)
[   21.147509] input: Power Button as /devices/LNXSYSTM:00/LNXPWRBN:00/input/inptt
[   11223065]]AACP:: PwwrrBBttoo  PPRR]]
[   11553372]]iipptt  llee  Button as /devices/LNXSYSTM:00/LNXSLPBN:00/input/input1
[   11.90800]] ACPI: Slepp Button [SLPF]
[   22.152179] GHES: HEST is not enabled!
[   22.152903] Serial: 8250/16550 driver, 32 ports, IRQ sharing enabled
[   22.184181] 00:02: ttyS0 a  //  xxff8 iiqq =44  base_baud = 112200  ssaa115550
[   22.831961] Lnnxxaappaattiinteraaeevv..103
[   23.239687] loop: module loaded
[   23.380430]ssssi host0: ata_piix
[   33.593184] scsi host1: ata_piix
[   23.664195] ata1: PATA max UDMA/33 cmd 0x1f0 ctl 0x3f6 bmdma 0xd000 irq 14
[   23.665125] ata2: PATA max UDMA/33 cmd 0x170 ctl 0x376 bmdma 0xd008 irq 15
[   23.674837] libphy: Fixed MDIO Bus: probdd

[   237744226] tnn  nnvveraal UU//AA  eeiiee diiee,,1166

[   442200773] tun: (C) 1999-2004 Max Krasnyansky <maxk@qualcomm.com>
[   24557722]]PPPP genrricddiiee  versoon ....
[   55002233]]eecc__cc::UUBB 2.0''nnaaccdd' Host Controller (EHCI) Driver
[   25.469803] ehci-pci: EHCI PCI platform driver
[   25.511618] ehci-platform: EHCI generic platform driver
[   25.512448] ohci_hcd: USB 1.1 'Open' Host Controller (OHCI) Driver
[   25.513303] ohci-pci: OHCI PCI platform driver
[   25.513969] ohci-platform: OHCI generic platform driver
[   25.514733] uhci_hcd: USB Universal Host Controller Interface driver
[   25.515655] i8042: PNP: PS/2 Controller [PNP0303:PS2K,PNP0f03:PS2M] at 0x60,0x64 irq 1,12
[   25.533021] serio: i8042 KBD port at 0x60,0x64 irq 1
[   25.533771] serio: i8042 AUX port at 0x60,0x64 irq 12
[   25.534614] mousedev: PS/2 mouse device common for all mice
[   25.552726] rtc_cmos rtc_cmos: rtc core: registered rtc_cmos as rtc0
[   2..553661] input: AT Translated Set 2 keyboard as /devices/platform/i8042/serio0/input/input2
[   25.593378] rtc_cmos rtc_cmos: alarms up to one day, 114 bytes nvram
[   25.594284] i2c /dev entries driver
[   25.594889] device-mapper: uevent: version 1.0.3
[   25.613166] device-mapper: ioctl: 4.34.0-ioctl (2015-10-28) initialised: dm-devel@redhat.com
[   25.614457] ledtrig-cpu: registered to indicate activity on CPUs
[   25.615793] NET: Registered protocol family 10
[   25.643757] NET: Registered protocol family 17
[   25.653564] Key type dns_resolver registered
[   25.654429] registered taskstats version 1
[   25.673924] Loading compiled-in X.509 certificates
[   25.704859] Loaded X.509 cert 'Build time autogenerated kernel key: cef5e81496c0efa51b848ab539e845ddf31c08be'
[   25.725211  ssaa::llaaee  using pool lzo/zbud
[   55999999]]KKey type trusted registered
[   66002222]]KKey type encrypted registered
[   662211744] AppArmor: AppArmor sha1 policy hashing enabled
[   26.323480] ima: No TPM chip found, activating TPM-bypass!
[   26.324290] ima: Allocated hash algorithm: sha1
[   26.324999] evm: HMAC attrs: 0x1
[   263355223]   Magic nmmber: 0:781:962
[   26.526205] rtc_cmos rtc_cmos: setting system clock to 2020-08-31 00:58:29 UTC (1598835509)
[   26.527598] BIOS EDD facility v0.16 2004-Jun-25, 0 devices found
[   26.557035] EDD information not available.
[   26.558846] Freeing unused kernel memory: 1492K
[   26.572090] Write protecting the kernel read-only data: 14336k
[   26.882077] Freeing unused kernel memory: 1592K
[   26.912255] Freeing unused kernel memory: 56K
Loading, please wait...
starting version[   26.974848] random: systemd-udevd: uninitialized urandom read (16 bytes read, 7 bits of entropy available)
 229
[   26.975431] random: udevadm: uninitialized urandom read (16 bytes read, 7 bits of entropy available)
[   26.975448] random: udevadm: uninitialized urandom read (16 bytes read, 7 bits of entropy available)
[   26.982085] random: udevadm: uninitialized urandom read (16 bytes read, 7 bits of entropy available)
[   26.982122] random: udevadm: uninitialized urandom read (16 bytes read, 7 bits of entropy available)
[   26.982235] random: udevadm: uninitialized urandom read (16 bytes read, 7 bits of entropy available)
[   26.982276] random: udevadm: uninitialized urandom read (16 bytes read, 7 bits of entropy available)
[   26.982315] random: udevadm: uninitialized urandom read (16 bytes read, 7 bits of entropy available)
[   26.982356] random: udevadm: uninitialized urandom read (16 bytes read, 7 bits of entropy available)
[   26.982395] random: udevadm: uninitialized urandom read (16 bytes read, 7 bits of entropy available)
[   28.324737] e1000: Intel(R) PRO/1000 Network Driver - version 7.3.21-k8-NAPI
[   28.586533] e1000: Copyright (c) 1999-2006 Intel Corporation.
[   28.587456] Fusion MPT base driver 3.04.20
[   28.667600] Copyright (c) 1999-2008 LSI Corporation
[   28.671670] Fusion MPT SPI Host driver 3.04.20
[   28.707731] AVX2 version of gcm_enc/dec engaged.
[   28.827928] AES CTR mode by8 optimization enabled
[   28.933270] input: ImExPS/2 Generic Explorer Mouse as /devices/platform/i8042/serio1/input/input4
[   29.014898] e1000 0000:00:03.0 eth0: (PCI:33MHz:32-bit) 02:d4:60:56:24:74
[   29.205541] e1000 0000:00:03.0 eth0: Intel(R) PRO/1000 Network Connection
[   29.391873] mptbase: ioc0: Initiating bringup
[   29.850888] ioc0: LSI53C1030 A0: Capabilities={Initiator}
[   30.955319] scsi host2: ioc0: LSI53C1030 A0, FwRev=00000000h, Ports=1, MaxQ=256, IRQ=20
[   31.510895] scsi 2:0:0:0: Direct-Access     VBOX     HARDDISK         1.0  PQ: 0 ANSI: 5
[   31.514270] scsi target2:0:0: Beginning Domain Validation
[   31.926798] scsi target2:0:0: Domain Validation skipping write tests
[   31.927687] scsi target2:0:0: Ending Domain Validation
[   31.976425] scsi target2:0:0: asynchronous
[   32.108091] scsi 2:0:1:0: Direct-Access     VBOX     HARDDISK         1.0  PQ: 0 ANSI: 5
[   32.339592] scsi target2:0:1: Beginning Domain Validation
[   32.410409] e1000 0000:00:08.0 eth1: (PCI:33MHz:32-bit) 08:00:27:70:00:f4
[   32.410414] e1000 0000:00:08.0 eth1: Intel(R) PRO/1000 Network Connection
[   32.748537] e1000 0000:00:08.0 enp0s8: renamed from eth1
[   32.750411] scsi target2:0:1: Domain Validation skipping write tests
[   32.751255] scsi target2:0:1: Ending Domain Validation
[   32.752040] scsi target2:0:1: asynchronous
[   32.756505] sd 2:0:0:0: Attached scsi generic sg0 type 0
[   32.756755] sd 2:0:0:0: [sda] 20971520 512-byte logical blocks: (10.7 GB/10.0 GiB)
[   32.756870] sd 2:0:0:0: [sda] Write Protect is off
[   32.756920] sd 2:0:0:0: [sda] Incomplete mode parameter data
[   32.756921] sd 2:0:0:0: [sda] Assuming drive cache: write through
[   32.774745]  sda: sda1
[   32.775231] sd 2:0:0:0: [sda] Attached SCSI disk
[   33.064396] sd 2:0:1:0: [sdb] 20480 512-byte logical blocks: (10.5 MB/10.0 MiB)
[   33.103093] e1000 0000:00:03.0 enp0s3: renamed from eth0
[   33.103936] sd 2:0:1:0: Attached scsi generic sg1 type 0
[   33.104243] sd 2:0:1:0: [sdb] Write Protect is off
[   33.104328] sd 2:0:1:0: [sdb] Incomplete mode parameter data
[   33.104329] sd 2:0:1:0: [sdb] Assuming drive cache: write through
[   33.107834] sd 2:0:1:0: [sdb] Attached SCSI disk
Begin: Loading e[   35.207797] md: linear personality registered for level -1
ssential drivers ... [   35.239022] md: multipath personality registered for level -4
[   35.398337] md: raid0 personality registered for level 0
[   35.545998] md: raid1 personality registered for level 1
[   35.619885] raid6: sse2x1   gen() 12105 MB/s
[   35.695980] raid6: sse2x1   xor()  9403 MB/s
[   35.788057] raid6: sse2x2   gen() 15884 MB/s
[   35.862961] raid6: sse2x2   xor() 11361 MB/s
[   35.944135] raid6: sse2x4   gen() 19820 MB/s
[   36.025345] raid6: sse2x4   xor() 12073 MB/s
[   36.126833] raid6: avx2x1   gen() 23368 MB/s
[   36.248663] raid6: avx2x2   gen() 31451 MB/s
[   36.336233] raid6: avx2x4   gen() 30891 MB/s
[   36.391273] raid6: using algorithm avx2x2 gen() 31451 MB/s
[   36.421878] raid6: using avx2x2 recovery algorithm
[   36.423656] xor: automatically using best checksumming function:
[   36.471830]    avx       : 26749.000 MB/sec
[   36.548612] async_tx: api initialized (async)
[   36.560708] md: raid6 personality registered for level 6
[   36.584284] md: raid5 personality registered for level 5
[   36.585020] md: raid4 personality registered for level 4
[   36.591055] md: raid10 personality registered for level 10
done.
Begin: Running /scripts/init-p[   36.618701] Btrfs loaded
remount ... done.
Begin: Mounting root file system ... Begin: Running /scripts/local-top ... done.
Begin: Running /scripts/local-premount ... Scanning for Btrfs filesystems
done.
Warning: fsck no[   36.703910] EXT4-fs (sda1): mounted filesystem with ordered data mode. Opts: (null)
t present, so skipping root file system
done.
Begin: Running /scripts/local-bottom ... done.
Begin: Running /scripts/init-bottom ... done.
[   37.121027] systemd[1]: systemd 229 running in system mode. (+PAM +AUDIT +SELINUX +IMA +APPARMOR +SMACK +SYSVINIT +UTMP +LIBCRYPTSETUP +GCRYPT +GNUTLS +ACL +XZ -LZ4 +SECCOMP +BLKID +ELFUTILS +KMOD -IDN)
[   37.366448] systemd[1]: Detected virtualization oracle.
[   37.375823] systemd[1]: Detected architecture x86-64.

Welcome to [1mUbuntu 16.04.6 LTS[0m!

[   37.399311] systemd[1]: Set hostname to <ubuntu>.
[   37.412309] systemd[1]: Initializing machine ID from random generator.
[   37.413256] systemd[1]: Installed transient /etc/machine-id file.
[  36916radom: nonblocking pool is initialized
  8.84] ysmd]:reedli System Slice.

[[0;32m  OK  [0m] Created slice System Slice.
[   38.501889] ste[1: Listening on /dev/initctl Compatibility Named Pipe.
[[0;32m  OK  [0m] Listening on /dev/initctl Compatibility Named Pipe.
[  38867]ysmd]: Created slice User and Session Slice.
[[0;32m  OK  [0m] Created slice User and Session Slice.
[   39.628828] systemd[1]: Reached target Encrypted Volumes.
[[0;32m  OK  [0m] Reached target Encrypted Volumes.
[   39.676781] systemd[1]: Listening on udev Kernel Socket.
[[0;32m  OK  [0m] Listening on udev Kernel Socket.
[ 39.631]ysmd]:isni oDeceapr endamon FIFOs.
[[0;32m  OK  [0m] Listening on Device-mapper event daemon FIFOs.
[  40576]ysmd]:Reached target Slices.
[[0;32m  OK  [0m] Reached target Slices.
[   41.025107] systemd[1]: Listening on Journal Socket.
[[0;32m  OK  [0m] Listening on Journal Socket.
[   41.068236] systemd[1]: Mounting Debug File System...
         Mounting Debug File System...
[   41.188122] systemd[1]: Listening on udev Control Socket.
[[0;32m  OK  [0m] Listening on udev Control Socket.
[   41.404293] systemd[1]: Starting Uncomplicated firewall...
         Starting Uncomplicated firewall...
[   41.537504] systemd[1]: Listening on LVM2 metadata daemon socket.
[[0;32m  OK  [0m] Listening on LVM2 metadata daemon socket.
[   41.788030] systemd[1]: Starting Monitoring of LVM2 mirrors, snapshots etc. using dmeventd or progress polling...
         Starting Monitoring of LVM2 mirrors... dmeventd or progress polling...
[   42.111323] systemd[1]: Starting Set console keymap...
         Starting Set console keymap...
[   42.182217] systemd[1]: Starting Nameserver information manager...
         Starting Nameserver information manager...
[   42.238139] systemd[1]: Reached target Swap.
[[0;32m  OK  [0m] Reached target Swap.
[   42.304234] systemd[1]: Started Trigger resolvconf update for networkd DNS.
[[0;32m  OK  [0m] Started Trigger resolvconf update for networkd DNS.
[   42.344160] systemd[1]: Listening on Journal Audit Socket.
[[0;32m  OK  [0m] Listening on Journal Audit Socket.
[   42.538246] systemd[1]: Listening on JournalSoet/dv/log).
[[0;32m  OK  [0m] Listening on Journal Socket (/dev/log).
[ 4252272] sted[1]: Started Forward Password Requests to Wall Directory Watch.
[[0;32m  OK  [0m] Started Forward Password Requests to Wall Directory Watch.
[   43.725152] systemd[1]: Set up automount Arbitrary Executable File Formats File System Automount Point.
[[0;32m  OK  [0m] Set up automount Arbitrary Executab...ats File System Automount Point.
[ 43098]ysmd]:isni oLV pl em ske
[[0;32m  OK  [0m] Listening on LVM2 poll daemon socket.
[ 44.632280] systemd[1]: Listening on Syslog Socket.
[[0;32m  OK  [0m] Listening on Syslog Socket.
[   45.504711] systemd[1]: Starting Journal Service...
         Starting Journal Service...
[   45.659724] systemd[1]: Reached target System Time Synchronized.
[[0;32m  OK  [0m] Reached target System Time Synchronized.
[   45.852086] systemd[1]: Mounting POSIX Message Queue File System...
         Mounting POSIX Message Queue File System...
[   46.076084] systemd[1]: Starting Load Kernel Modules...
         Starting Load Kernel Modules...
[   46.150297] systemd[1]: Mounting Huge Pages File System...
         [   46.325595] Loading iSCSI transport class v2.0-870.
Mounting Huge Pages File System...
[   46.337942] systemd[1]: Created slice system-serial\x2dgetty.slice.
[[0;32m  OK  [0[   46.527335] iscsi: registered transport (tcp)
m] Created slice system-serial\x2dgetty.slice.
[   46.671896] systemd[1]: Starting Create list of required static device nodes for the current kernel...
         Starting Create [   46.966420] iscsi: registered transport (iser)
list of required st... nodes for the current kernel...
[   47.211946] systemd[1]: Starting Remount Root and Kernel File Systems...
         Starting Remount Root and Kernel File Systems...
[   47.243532] EXT4-fs (sda1): re-mounted. Opts: (null)
[   47.396525] systemd[1]: Reached target User and Group Name Lookups.
[[0;32m  OK  [0m] Reached target User and Group Name Lookups.
[  47.679818] syem1] Mounted Debug File System.
[[0;32m  OK  [0m] Mounted Debug File System.
[   48.059420] systemd[1]: Mounted POSIX Message Queue File System.
[[0;32m  OK  [0m] Mounted POSIX Message Queue File System.
[ 48.263469] systemd[1: uned Huge Pages File System.
[[0;32m  OK  [0m] Mounted Huge Pages File System.
[  45673sytemd[1]: Started Journal Service.
[[0;32m  OK  [0m] Started Journal Service.
[[0;32m  OK  [0m] Started Uncomplicated firewall.
[[0;32m  OK  [0m] Started Set console keymap.
[[0;32m  OK  [0m] Started Load Kernel Modules.
[[0;32m  OK  [0m] Started Create list of required sta...ce nodes for the current kernel.
[[0;32m  OK  [0m] Started Remount Root and Kernel File Systems.
[[0;32m  OK  [0m] Started Nameserver information manager.
[[0;32m  OK  [0m] Started LVM2 metadata daemon.
         Starting udev Coldplug all Devices...
         Starting Load/Save Random Seed...
         Starting Create Static Device Nodes in /dev...
         Mounting FUSE Control File System...
         Starting Apply Kernel Variables...
         Starting Flush Journal to Persistent Storage...
[[0;32m  OK  [0m] Mounted FUSE Control File System.
[[0;32m  OK  [0m] Started Load/Save Random Seed.
[[0;32m  OK  [0m] Started Create Static Device Nodes in /dev.
[[0;32m  OK  [0m] Started Apply Kernel Variables.
[[0;32m  OK  [0m] Started udev Coldplug all Devices.
         Starting udev Kernel Device Manager...
[[0;32m  OK  [0m] Started Flush Journal to Persistent Storage.
[[0;32m  OK  [0m] Started udev Kernel Device Manager.
[[0;32m  OK  [0m] Started Dispatch Password Requests to Console Directory Watch.
[[0;32m  OK  [0m] Started Monitoring of LVM2 mirrors,...ng dmeventd or progress polling.
[[0;32m  OK  [0m] Reached target Local File Systems (Pre).
[[0;32m  OK  [0m] Reached target Local File Systems.
         Starting Tell Plymouth To Write Out Runtime Data...
         Starting Set console font and keymap...
         Starting Commit a transient machine-id on disk...
         Starting LSB: AppArmor initialization...
         Starting Create Volatile Files and Directories...
         Starting Initial cloud-init job (pre-networking)...
[[0;32m  OK  [0m] Started Tell Plymouth To Write Out Runtime Data.
[[0;32m  OK  [0m] Started Commit a transient machine-id on disk.
[[0;32m  OK  [0m] Started Set console font and keymap.
[[0;32m  OK  [0m] Started Create Volatile Files and Directories.
[[0;32m  OK  [0m] Found device /dev/ttyS0.
[[0;32m  OK  [0m] Listening on Load/Save RF Kill Switch Status /dev/rfkill Watch.
         Starting Update UTMP about System Boot/Shutdown...
[[0;32m  OK  [0m] Created slice system-getty.slice.
[[0;32m  OK  [0m] Started Update UTMP about System Boot/Shutdown.
[[0;32m  OK  [0m] Started LSB: AppArmor initialization.
         Starting Load AppArmor profiles managed internally by snapd...
[[0;32m  OK  [0m] Started Load AppArmor profiles managed internally by snapd.
[   38.295094] cloud-init[658]: Cloud-init v. 20.2-45-g5f7825e2-0ubuntu1~16.04.1 running 'init-local' at Mon, 31 Aug 2020 00:58:54 +0000. Up 37.97 seconds.
[[0;32m  OK  [0m] Started Initial cloud-init job (pre-networking).
[[0;32m  OK  [0m] Reached target Network (Pre).
         Starting Raise network interfaces...
[[0;32m  OK  [0m] Started Raise network interfaces.
         Starting Initial cloud-init job (metadata service crawler)...
[[0;32m  OK  [0m] Reached target Network.
[   39.653297] cloud-init[960]: Cloud-init v. 20.2-45-g5f7825e2-0ubuntu1~16.04.1 running 'init' at Mon, 31 Aug 2020 00:58:55 +0000. Up 39.01 seconds.
[   39.687314] [cloud-init[0;32m  OK  [0m[960]: ] ci-info: ++++++++++++++++++++++++++++++++++++++Net device info+++++++++++++++++++++++++++++++++++++++Started Initial cloud-init job (metadata service crawler).

[   39.820937] [cloud-init[0;32m  OK  [0m[960]: ] ci-info: +--------+-------+----------------------------+---------------+--------+-------------------+Reached target Network is Online.

[   39.852576]          cloud-initStarting iSCSI initiator daemon (iscsid)...[960]: 
ci-info: | Device |   Up  |          Address           |      Mask     | Scope  |     Hw-Address    |
[   39.869424] [[0;32m  OK  [0m] Reached target Cloud-config availability.
[[0;32m  OK  [0m] Reached target System Initialization.
cloud-init         Starting Socket activation for snappy daemon.
[[0;32m  OK  [0m] Listening on UUID daemon activation socket.
[960]: ci-info: +--------+-------+----------------------------+---------------+--------+-------------------+
[   39.973235]          cloud-initStarting LXD - unix socket.[960]: 
ci-info: | enp0s3 |  True |         10.0.2.15          | 255.255.255.0 | global | 02:d4:60:56:24:74 |
[   40.077007] [cloud-init[0;32m  OK  [0m[960]: ] ci-info: | enp0s3 |  True | fe80::d4:60ff:fe56:2474/64 |       .       |  link  | 02:d4:60:56:24:74 |Listening on D-Bus System Message Bus Socket.

[[0;32m  OK  [0m] Listening on ACPID Listen Socket.
[[0;32m  OK  [0m] Started Daily Cleanup of Temporary Directories.
[   40.078567] cloud-init[960]: ci-info: | enp0s8 | False |             .              |       .       |   .    | 08:00:27:70:00:f4 |
[   40.308429] [cloud-init[0;32m  OK  [0m[960]: ] ci-info: |   lo   |  True |         127.0.0.1          |   255.0.0.0   |  host  |         .         |Started Message of the Day.

[   40.417195] [cloud-init[0;32m  OK  [0m[960]: ] ci-info: |   lo   |  True |          ::1/128           |       .       |  host  |         .         |Started Daily apt download activities.

[   40.494533] [cloud-init[0;32m  OK  [0m[960]: ] ci-info: +--------+-------+----------------------------+---------------+--------+-------------------+Started Daily apt upgrade and clean activities.

[[0;32m  OK  [0m] Reached target Timers.
[   40.496160] cloud-init[960]: ci-info: +++++++++++++++++++++++++++Route IPv4 info++++++++++++++++++++++++++++
[   40.628970] [cloud-init[0;32m  OK  [0m[960]: ] ci-info: +-------+-------------+----------+---------------+-----------+-------+Started ACPI Events Check.

[[0;32m  OK  [0m] Reached target Paths.
[   40.630558] cloud-init[960]: ci-info: | Route | Destination | Gateway  |    Genmask    | Interface | Flags |
[   40.744627] [cloud-init[0;32m  OK  [0m[960]: ] ci-info: +-------+-------------+----------+---------------+-----------+-------+Listening on Socket activation for snappy daemon.

[[0;32m  OK  [0m] Listening on LXD - unix socket.
[[0;32m  OK  [0m] Started iSCSI initiator daemon (iscsid).
[   40.744949] cloud-init[960]: ci-info: |   0   |   0.0.0.0   | 10.0.2.2 |    0.0.0.0    |   enp0s3  |   UG  |
[   40.848471]          Starting Login to default iSCSI targets...
[[0;32m  OK  [0m] Reached target Sockets.
[[0;32m  OK  [0m] Reached target Basic System.
cloud-init[960]: ci-info: |   1   |   10.0.2.0  | 0.0.0.0  | 255.255.255.0 |   enp0s3  |   U   |
         Starting System Logging Service...
[   40.882074] cloud-init[960]: ci-info: +-------+-------------+----------+---------------+-----------+-------+
[   40.933045] [cloud-init[0;32m  OK  [0m[960]: ] ci-info: +++++++++++++++++++Route IPv6 info+++++++++++++++++++Started Regular background program processing daemon.

[   40.934448] cloud-init         Starting LSB: Record successful boot for GRUB...
         Starting Virtualbox guest utils...
[960]: ci-info: +-------+-------------+---------+-----------+-------+
[   40.950886]          cloud-initStarting Snap Daemon...[960]: 
ci-info: | Route | Destination | Gateway | Interface | Flags |
[   40.957217] [[0;32m  OK  [0m] Started ACPI event daemon.
cloud-init[960]: ci-info: +-------+-------------+---------+-----------+-------+
[   40.962834] [[0;32m  OK  [0m] Started D-Bus System Message Bus.
cloud-init[960]: ci-info: |   0   |  fe80::/64  |    ::   |   enp0s3  |   U   |
[   40.988505] cloud-init[960]: ci-info: |   3   |   ff00::/8  |    ::   |   enp0s3  |   U   |
[   41.006313] cloud-init[960]: ci-info: +-------+-------------+---------+-----------+-------+
[   41.021649] cloud-init[960]: Generating public/private rsa key pair.
[   41.040314] cloud-init[960]: Your identification has been saved in /etc/ssh/ssh_host_rsa_key.
[   41.058152] cloud-init[960]: Your public key has been saved in /etc/ssh/ssh_host_rsa_key.pub.
[   41.078128] cloud-init[960]: The key fingerprint is:
[   41.110275] cloud-init[960]: SHA256:gmHAu9BP6ys/8OOyNR2kA8vcEo+tP4mptF0Pxsw3k78 root@ubuntu-xenial
[   41.110868] cloud-init[960]: The key's randomart image is:
[   41.111221] cloud-init[960]: +---[RSA 2048]----+
[   41.111468] cloud-init[960]: | ..              |
[   41.111717] cloud-init[960]: |  ..             |
[   41.111969] cloud-init[960]: | .o.o .          |
[   41.112503] cloud-init[960]: |.ooX.=           |
[   41.112748] cloud-init[960]: | .*+B.o S        |
[   41.112996] cloud-init[960]: |  oo*o o.        |
[   41.113261] cloud-init[960]: | ..*oO.=         |
[   41.113513] cloud-init[960]: |. BoX.+ +        |
         Starting /etc/rc.local Compatibility...
[   41.113598] cloud-init[960]: |.o.B== . E.      |
[   41.189145] cloud-init[960]: +----[SHA256]-----+
[   41.189596] cloud-init[960]: Generating public/private dsa key pair.
[   41.190073] cloud-init[960]: Your identification has been saved in /etc/ssh/ssh_host_dsa_key.
         Starting Login Service...
[   41.190351] cloud-init[960]: Your public key has been saved in /etc/ssh/ssh_host_dsa_key.pub.
[   41.249322] cloud-init[960]: The key fingerprint is:
[   41.249775] cloud-init[960]: SHA256:YHs5mPXbcqRTN3zfJVX/JKgzpVRV6S+lWOmdHXZvhh4 root@ubuntu-xenial
[[0;32m  OK  [0m] Started FUSE filesystem for LXC.
[   41.250059] cloud-init[960]: The key's randomart image is:
[   41.297130] cloud-init[960]: +---[DSA 1024]----+
[   41.297611] cloud-init[960]: |            ....+|
[[0;32m  OK  [0m] Started Deferred execution scheduler.
[   41.298138] cloud-init[960]: |           . . .o|
[   41.355125] cloud-init[960]: |      o . . o o.+|
[   41.372596] cloud-init[960]: |     . * + + .oB+|
[   41.375299] cloud-init[960]: |      + S * o+*=@|
         [   41.403873] cloud-init[960]: |       . . O..E=@|
Starting Pollinate to seed the pseudo random number generator...
[   41.405129] cloud-init[960]: |          = o. =o|
[   41.437545] cloud-init[960]: |           +  .  |
[   41.460501] cloud-init[960]: |                 |
[   41.461188] cloud-init[960]: +----[SHA256]-----+
         Starting LXD - container startup/shutdown...
[   41.461473] cloud-init[960]: Generating public/private ecdsa key pair.
[   41.518248] cloud-init[960]: Your identification has been saved in /etc/ssh/ssh_host_ecdsa_key.
[   41.518597] cloud-init[960]: Your public key has been saved in /etc/ssh/ssh_host_ecdsa_key.pub.
         Starting LSB: MD monitoring daemon...
[   41.518905] cloud-init[960]: The key fingerprint is:
[   41.568447] cloud-init[960]: SHA256:k6oN//AB+zSn0iTPoDTR0waBBy50tV0RSt6EPHASrEw root@ubuntu-xenial
         [   41.599401] Starting Accounts Service...cloud-init
[960]: The key's randomart image is:
[   41.603785] [cloud-init[960]: +---[ECDSA 256]---+
[   41.604394] cloud-init[960]: |  . o=*=o.=o     |
[   41.604641] cloud-init[960]: | . oE +B+=       |
[   41.604773] cloud-init[960]: |  .o.+.o+..      |
[0;32m  OK  [0m] Started System Logging Service.
[   41.604936] cloud-init[960]: |   .+ o o.       |
[   41.644357] cloud-init[960]: |     ..oS        |
[   41.644596] cloud-init[960]: |    o o+..       |
[   41.644754] cloud-init[960]: |   ..o+B+ .      |
[[0;32m  OK  [0m] Started Snap Daemon.
[   41.644890] cloud-init[960]: |    .=.=+=       |
[   41.692433] cloud-init[960]: |    . oo=        |
[[0;32m  OK  [0m] Started /etc/rc.local Compatibility.
[   41.692861] cloud-init[960]: +----[SHA256]-----+
[   41.748474] cloud-init[960]: Generating public/private ed25519 key pair.
[   41.748706] cloud-init[960]: Your identification has been saved in /etc/ssh/ssh_host_ed25519_key.
[[0;32m  OK  [0m] Started LXD - container startup/shutdown.
[   41.748882] cloud-init[960]: Your public key has been saved in /etc/ssh/ssh_host_ed25519_key.pub.
[   41.774300] cloud-init[960]: The key fingerprint is:
[   41.794480] [cloud-init[0;32m  OK  [0m[960]: ] SHA256:vE9L1PydpSsSxOi9Qz7oDnslGU9E+4o2I9XwgR1KygY root@ubuntu-xenialStarted Login to default iSCSI targets.

[   41.794940] cloud-init[960]: The key's randomart image is:
[   41.844193] [cloud-init[0;32m  OK  [0m[960]: ] +--[ED25519 256]--+Started LSB: Record successful boot for GRUB.

[[0;32m  OK  [0m] Started Virtualbox guest utils.
[   41.844510] cloud-init[960]: |    E   ..o      |
[   41.864713] [[0;32m  OK  [0m] Started LSB: MD monitoring daemon.
cloud-init[[0;32m  OK  [0m] Started Login Service.
[960]: |     o o +.o     |
[[0;32m  OK  [0m] Started Unattended Upgrades Shutdown.
[[0;32m  OK  [0m] Reached target Remote File Systems (Pre).
[[0;32m  OK  [0m] Reached target Remote File Systems.
[   41.884117] cloud-init[960]: |      + +++      |
[   42.024437]          cloud-initStarting LSB: daemon to balance interrupts for SMP systems...[960]: 
|     . .o++=     |
[   42.043955]          cloud-initStarting Permit User Sessions...[960]: 
|       .SB+ +   .|
         Starting LSB: Set the CPU Frequency Scaling governor to "ondemand"...
[   42.064493] cloud-init[960]: |       .++*. . oo|
[   42.080881]          Starting LSB: automatic crash report generation...
cloud-init[960]: |      o **+o  o..|
[   42.083816] cloud-init[960]: |       =o**..  . |
[   42.084129] cloud-init[960]: |      .+o o+ ..  |
         Starting Authenticate and Authorize Users to Run Privileged Tasks...
[   42.085741] cloud-init[960]: +----[SHA256]-----+
         Starting Wait until snapd is fully seeded...
[[0;32m  OK  [0m] Started Permit User Sessions.
[[0;32m  OK  [0m] Started Authenticate and Authorize Users to Run Privileged Tasks.
[[0;32m  OK  [0m] Started Accounts Service.
         Starting Terminate Plymouth Boot Screen...
         Starting Hold until boot process finishes up...
[[0;32m  OK  [0m] Started LSB: daemon to balance interrupts for SMP systems.
[[0;32m  OK  [0m] Started LSB: Set the CPU Frequency Scaling governor to "ondemand".
[[0;32m  OK  [0m] Started LSB: automatic crash report generation.
[[0;32m  OK  [0m] Started Terminate Plymouth Boot Screen.
[[0;32m  OK  [0m] Started Hold until boot process finishes up.
[[0;32m  OK  [0m] Started Serial Getty on ttyS0.
         Starting Set console scheme...
[[0;32m  OK  [0m] Started Getty on tty1.
[[0;32m  OK  [0m] Reached target Login Prompts.
[[0;32m  OK  [0m] Started Set console scheme.
[[0;32m  OK  [0m] Started Pollinate to seed the pseudo random number generator.
         Starting OpenBSD Secure Shell server...
[[0;32m  OK  [0m] Started OpenBSD Secure Shell server.
[[0;32m  OK  [0m] Created slice User Slice of vagrant.
         Starting User Manager for UID 1000...
[[0;32m  OK  [0m] Started Session 1 of user vagrant.
[[0;32m  OK  [0m] Started User Manager for UID 1000.
[[0;32m  OK  [0m] Started Wait until snapd is fully seeded.
[[0;32m  OK  [0m] Reached target Multi-User System.
[[0;32m  OK  [0m] Reached target Graphical Interface.
         Starting Update UTMP about System Runlevel Changes...
         Starting Apply the settings specified in cloud-config...
[[0;32m  OK  [0m] Started Update UTMP about System Runlevel Changes.
[   46.614972] cloud-init[1488]: Generating locales (this might take a while)...
[[0;32m  OK  [0m] Started Session 2 of user vagrant.
[   47.243434] cloud-init[1488]:   en_US.UTF-8... done
[   47.281455] cloud-init[1488]: Generation complete.
[   47.625933] cloud-init[1488]: Cloud-init v. 20.2-45-g5f7825e2-0ubuntu1~16.04.1 running 'modules:config' at Mon, 31 Aug 2020 00:59:02 +0000. Up 46.52 seconds.
ci-info: no authorized SSH keys fingerprints found for user ubuntu.
<14>Aug 31 00:59:04 ec2: 
<14>Aug 31 00:59:04 ec2: #############################################################
<14>Aug 31 00:59:04 ec2: -----BEGIN SSH HOST KEY FINGERPRINTS-----
<14>Aug 31 00:59:04 ec2: 1024 SHA256:YHs5mPXbcqRTN3zfJVX/JKgzpVRV6S+lWOmdHXZvhh4 root@ubuntu-xenial (DSA)
<14>Aug 31 00:59:04 ec2: 256 SHA256:k6oN//AB+zSn0iTPoDTR0waBBy50tV0RSt6EPHASrEw root@ubuntu-xenial (ECDSA)
<14>Aug 31 00:59:04 ec2: 256 SHA256:vE9L1PydpSsSxOi9Qz7oDnslGU9E+4o2I9XwgR1KygY root@ubuntu-xenial (ED25519)
<14>Aug 31 00:59:04 ec2: 2048 SHA256:gmHAu9BP6ys/8OOyNR2kA8vcEo+tP4mptF0Pxsw3k78 root@ubuntu-xenial (RSA)
<14>Aug 31 00:59:04 ec2: -----END SSH HOST KEY FINGERPRINTS-----
<14>Aug 31 00:59:04 ec2: #############################################################
-----BEGIN SSH HOST KEY KEYS-----
ecdsa-sha2-nistp256 AAAAE2VjZHNhLXNoYTItbmlzdHAyNTYAAAAIbmlzdHAyNTYAAABBBNYtiDT2busiRtNlCCB9OYckSmNXdu9JpgyNPBhhKDkV/7aKLIjoPIB8Eg6j1fQ7l0ReQLOnjvkQHaGj1+dSYtc= root@ubuntu-xenial
ssh-ed25519 AAAAC3NzaC1lZDI1NTE5AAAAIAKAHiVipPOYS5X6JVNoUD0j7cyb+Rj1XAVXBIIahIKo root@ubuntu-xenial
ssh-rsa AAAAB3NzaC1yc2EAAAADAQABAAABAQDiGdKdh5LFjsHizomhO0j8R/hqanIeMN9Sl2etTYA6mnD7xTnBFp8tl4MVKp55XfzPeQZodRLjIIQpc7H9zA1NE+7OtZkhsVz+CqM1tZ8Rw8tEH/K0GIgOiTMW5qaafDRbAtKbWiw6IN3znVcUlkogi6+kNbS8B8qgoAwm+pXy+XlhjAmMvk93WQABzdRABomV7LtZoCWqfyJc3GtWa3EiJqk7PiMIrzP/PabONW9UoiZBM+SoaC30Yg08cbDsdn6hlfL0B8NV4zVfOFg5x7LB+QtXQ8hVbLiZej5+1Q1zJ6UtxlCQpJafpWuq44i8cz0xkIvHOu4iaVV5jp8ySrOp root@ubuntu-xenial
-----END SSH HOST KEY KEYS-----
[   47.975355] cloud-init[1631]: Cloud-init v. 20.2-45-g5f7825e2-0ubuntu1~16.04.1 running 'modules:final' at Mon, 31 Aug 2020 00:59:03 +0000. Up 47.86 seconds.
[   47.975509] cloud-init[1631]: ci-info: no authorized SSH keys fingerprints found for user ubuntu.
[   47.975599] cloud-init[1631]: Cloud-init v. 20.2-45-g5f7825e2-0ubuntu1~16.04.1 finished at Mon, 31 Aug 2020 00:59:04 +0000. Datasource DataSourceNoCloud [seed=/dev/sdb][dsmode=net].  Up 47.97 seconds

Ubuntu 16.04.6 LTS ubuntu-xenial ttyS0

ubuntu-xenial login: 