[  0000000Inializi cou subs ust
[  00000] Itiizing ro sbsys u    0.00] nitialzi cgroup subsys cuacct
[    0.000000] Linux version 4.4.0-186-generic (buildd@lcy01-amd64-002) (gcc version 5.4.0 20160609 (Ubuntu 5.4.0-6ubuntu1~16.04.12) ) #216-Ubuntu SMP Wed Jul 1 05:34:05 UTC 2020 (Ubuntu 4.4.0-186.216-generic 4.4.228)
[    0.000000] Command line: BOOT_IMAGE=/boot/vmlinuz-4.4.0-186-generic root=LABEL=cloudimg-rootfs ro console=tty1 console=ttyS0
[    0.000000] KERNEL supported cpus:
[    0.000000]   Intel GenuineIntel
[    0.000000]   AMD AuthenticAMD
[    0.000000]   Centaur CentaurHauls
[    0.000000] x86/fpu: xstate_offset[2]:  576, xstate_sizes[2]:  256
[    0.000000] x86/fpu: Supporting XSAVE feature 0x01: 'x87 floating point registers'
[    0.000000] x86/fpu: Supporting XSAVE feature 0x02: 'SSE registers'
[    0.000000] x86/fpu: Supporting XSAVE feature 0x04: 'AVX registers'
[    0.000000] x86/fpu: Enabled xstate features 0x7, context size is 832 bytes, using 'stdardfoat
[  00000] 20BIS-prid pysicalAMap:
[  0000] OSe820[mm 0x000000000000-0x0000009fbffusle
[  00000] BI-e0: [me0x0000009f0-0x00000000ffffrervd
[  00000] BOSe820: [mem 0x0000000000f0000x0000000ffff]rerv
[  00000] OS82: [m 000000010000x00003ffeff] abe
[  00000] OS82: [mem 0000003ff00x00000ffffffAC dta
   0.0000] BIOS-e820: [mem 0x00000000fec00000-0x00000000fec00fff] reserved
[    0.000000] BIOS-e820: [mem 0x00000000fee00000-0x000000fee00fff] reserved
[    0.000000] BIOS-e820: [mem 0x00000000fffc0000-0x00000000ffffffff] reserved
[    0.000000] NX (Execute Disable) protection: active
[    0.000000] SMBIOS 2.5 present.
[    0.000000] Hypervisor detected: KVM
[    0.000000] e820: last_pfn = 0x3fff0 max_arch_pfn = 0x400000000
[    0.000000] MTRR: Disabled
[    0.000000] x86/PAT: MTRRs disabled, skipping PAT initialization too.
[    0.000000] CPU MTRRs all blank - virtualized system.
[    0.000000] x86/PAT: Configuration [0-7]: WB  WT  UC- UC  WB  WT  UC- UC  
[    0.000000] found SMP M-table at [mem 0x0009fff0-0x0009fff] maed a[fff8000fff0][  0.000000] Scanning 1 areas for low memory corruption
[    0.000000] RAMDISK: [mem 0x362de000-0x37166fff]
[    0.000000] ACPI: Early table checksum verification disabled
[    0.000000] ACPI: RSDP 0x00000000000E0000 000024 (v02 VBOX  )
[    0.000000] ACPI: XSDT 0x000000003FFF0030 00003C (v01 VBOX   VBOXXSDT 00000001 ASL  00000061
  0.000]CP: FA 00000003FFF00F0 0000F4 (v04 VBOX   VBOXFACP 00000001 ASL  00000061)
[    0.000000] ACPI: DSDT 0x000000003FFF0470 0021FF (v02 VBOX   VBOXBIOS 00000002 INTL 20100528)
[    0.000000] ACPI: FACS 0x000000003FFF0200 000040
[    0.000000] ACPI: FACS 0x000000003FFF0200 000040
[    0.000000] ACPI: APIC 0x000000003FFF0240 00005C (v02 VBOX   VBOXAPIC 00000001 ASL  00000061)
[    0.000000] ACPI: SSDT 0x000000003FFF02A0 0001CC (v01 VBOX   VBOXCPUT 00000002 INTL 20100528)
[    0.000000] No NUMA configuration found
[    0.000000] Faking a node at [mem 0x0000000000000000-0x000000003ffeffff]
[    0.000000] NODE_DATA(0) allocated [mem 0x3ffeb000-0x3ffeffff]
[    0.000000] kvm-clock: Using msrs 4b564d01 and 4b564d00
[    0.000000] kvm-clock: cpu 0, msr 0:3ffe3001, primary cpu clock
[    0.000000] kvmlock: inscheofetof 393696 ccles
  .00000 cckource:vmlock: sk0xfffffffffff macyes 0x1cde4fb, maid_n: 88155983 ns   0.0000]one raes
[   000000]   DMA    mem 00000000010-00000000ffff][  0.000000]   DMA32    [mem 0x0000000001000000-0x000000003ffeffff]
[    0.000000]   Normal   empty
[    0.000000]   eve   empy
[    0.000000] Movable zone start for each node
[    0.000000] Early memory node ranges
[    0.000000]   node   0: [mem 0x0000000000001000-0x000000000009efff]
[    0.000000]   node   0: [mem 0x0000000000100000-0x000000003ffeffff]
[    0.000000] Initmem setup node 0 [mem 0x0000000000001000-0x000000003ffeffff]
[    0.000000] ACPI: PM-Timer IO Port: 0x4008
[    0.000000] IOAPIC[0]: apic_id 2, version 32, address 0xfec00000, GSI 0-23
[    0.000000] ACPI: INT_SRC_OVR (bus 0 bus_irq 0 global_irq 2 dfl dfl)
[    0.000000] ACPI: INT_SRC_OVR (bus 0 bus_irq 9 global_irq 9 low level)
[    0.000000] Using ACPI (MADT) for SMP configuration information
[    0.000000] smpboot: Allowing 2 CPUs, 0 hotplug CPUs
[    0.000000] PM: Registered nosave memory: [mem 0x00000000-0x00000fff]
[    0.000000] PM: Registered nosave memory: [mem 0x0009f000-0x0009ffff]
[    0.000000] PM: Restered noav memy:mem 0x000a0000-0x000effff]
[    0.000000] PM: Registered nosave mor [mem 000000x0ffff]   0.0000]820: [mem 0x40000000-0xfebfffff] available for PCI devices
[    0.000000] Booting paravirtualized kernel on KVM
[    0.000000] clocksource: refined-jiffies: mask: 0xffffffff max_cycles: 0xffffffff, max_idle_ns: 7645519600211568 ns
[    0.000000] setup_percpu: NR_CPUS:512 nr_cpumask_bits:512 nr_cpu_ids:2 nr_node_ids:1
[    0.000000] PERCPU: Embedded 33 pages/cpu @ffff88003fc00000 s95512 r8192 d31464 u1048576
[    0000]Built zolistsn deorder, mbityrouping on.  Total pages: 257912
[    0.000000] Policy zone: DMA32
[    0.000000] Kernel command line: BOOT_IMAGE=/boot/vmlinuz-4.4.0-186-generic root=LABEL=cloudimg-rootfs ro console=tty1 console=ttyS0
[    0.000000] PID hash table entries: 4096 (order: 3, 32768 bytes)
[    0.000000] Memory: 997660K/1048120K available (8636K kernel code, 1337K rwdata, 4040K rodata, 1492K init, 1296K bss, 50460K reserved, 0K cma-reserved)
[    0.000000] SLUB: HWalign=64, Order=0-3, MinObjects=0, CPUs=2, Nodes=1
[    0.000000] Kernel/User page tables isolation: enabled
[    0.000000] Hierarchical RCU implementation.
[    0.000000] 	Build-time adjustment of leaf fanout to 64.
[    0.000000] 	RCU restricting CPUs from NR_CPUS=512 to nr_cpu_ids=2.
[    0.000000] RCU: Adjusting geometry for rcu_fanout_leaf=64, nr_cpu_ids=2
[    0.000000] NR_IRQS:33024 nr_irqs:440 16
[    0.000000] Console: colour VGA+ 80x25
[    0.000000] console [tty1] enabled
[    0.000000] console [ttyS0] enabled
[  00000] tsc: Detected 3407.994 MHz processor
[    4.842433] Calibrating delay loop (skipped) preset value.. 6815.98 BogoMIPS (lpj=13631976)
[    4.874692] pid_max: default: 32768 minimum: 301
[    4.908495] ACPI: Core revision 20150930
[    5.018586] ACPI: 2 ACPI AML tables successfully acquired and loaded
[    5.169682] Security Framework initialized
[    5.292249] Yama: becoming mindful.
[    5.329695] AppArmor: AppArmor initialized
[    5.451563] Dentry cache hash table entries: 131072 (order: 8, 1048576 bytes)
[    5.653206] Inode-cache hash table entries: 65536 (order: 7, 524288 bytes)
[    5.858994] Mount-cache hash table entries: 2048 (order: 2, 16384 bytes)
[    5.902985] Mountpoint-cache hash table entries: 2048 (order: 2, 16384 bytes)
[    5.966986] Initializing cgroup subsys io
[    5.967618] Initializing cgroup subsys memory
[    5.968277] Initializing cgroup subsys devices
[    5.968935] Initializing cgroup subsys freezer
[    6.016990] Initializing cgroup subsys net_cls
[    6.135664] Initializing cgroup subsys perf_event
[    6.270020] Initializing cgroup subsys net_prio
[    6.300638] Initializing cgroup subsys hugetlb
[    6.319491] Initializing cgroup subsys pids
[    6.371203] mce: CPU supports 0 MCE banks
[    6.438225] Last level iTLB entries: 4KB 128, 2MB 8, 4MB 8
[    6.439023] Last level dTLB entries: 4KB 64, 2MB 0, 4MB 0, 1GB 4
[    6.439845] Spectre V1 : Mitigation: usercopy/swapgs barriers and __user pointer sanitization
[    6.586880] Spectre V2 : Mitigation: Full generic retpoline
[    6.714470] Spectre V2 : Spectre v2 / SpectreRSB mitigation: Filling RSB on context switch
[    6.961232] Speculative Store Bypass: Vulnerable
[    7.028552] SRBDS: Unknown: Dependent on hypervisor status
[    7.029382] MDS: Mitigation: Clear CPU buffers
[    7.032044] Freeing SMP alternatives memory: 36K
[    7.037890] ftrace: allocating 32334 entries in 127 pages
[    7.223894] smpboot: APIC(0) Converting physical 0 to logical package 0
[    7.315832] smpboot: Max logical packages: 1
[    7.316670] x2apic enabled
[    7.396415] Switched APIC routing to physical x2apic.
[    7.541429] ..TIMER: vector=0x30 apic1=0 pin1=2 apic2=-1 pin2=-1
[    7.736845] smpboot: CPU0: Intel(R) Core(TM) i5-7500 CPU @ 3.40GHz (family: 0x6, model: 0x9e, stepping: 0x9)
[    7.826111] Performance Events: unsupported p6 CPU model 158 no PMU driver, software events only.
[    8.068893] KVM setup paravirtual spinlock
[    8.077172] x86: Booting SMP configuration:
[    8.182975] .... node  #0, CPUs:      #1
[    8.227112] kvm-clock: cpu 1, msr 0:3ffe3041, secondary cpu clock
[    8.273693] mce: CPU supports 0 MCE banks
[    8.458010] x86: Booted up 1 node, 2 CPUs
[    8.570561] smpboot: Total of 2 processors activated (13631.97 BogoMIPS)
[    8.765042] devtmpfs: initialized
[    8.861832] evm: security.selinux
[    8.955170] evm: security.SMACK64
[    9.046424] evm: security.SMACK64EXEC
[    9.135546] evm: security.SMACK64TRANSMUTE
[    9.182788] evm: security.SMACK64MMAP
[    9.281704] evm: security.ima
[    9.321646] evm: security.capability
[    9.415025] clocksource: jiffies: mask: 0xffffffff max_cycles: 0xffffffff, max_idle_ns: 7645041785100000 ns
[    9.579704] futex hash table entries: 512 (order: 3, 32768 bytes)
[    9.580655] pinctrl core: initialized pinctrl subsystem
[    9.581495] RTC time:  6:17:24, date: 08/30/20
[    9.582333] NET: Registered protocol family 16
[    9.622601] cpuidle: using governor ladder
[    9.747251] cpuidle: using governor menu
[    9.816530] PCCT header not found.
[    9.817161] ACPI: bus type PCI registered
[    9.892617] acpiphp: ACPI Hot Plug PCI Controller Driver version: 0.5
[    9.893571] PCI: Using configuration type 1 for base access
[    9.907190] ACPI: Added _OSI(Module Device)
[    9.907830] ACPI: Added _OSI(Processor Device)
[    9.908493] ACPI: Added _OSI(3.0 _SCP Extensions)
[   10.042019] ACPI: Added _OSI(Processor Aggregator Device)
[   10.186636] ACPI: Executed 1 blocks of module-level executable AML code
[   10.194690] ACPI: Interpreter enabled
[   10.217332] ACPI: (supports S0 S5)
[   10.228458] ACPI: Using IOAPIC for interrupt routing
[   10.345066] PCI: Using host bridge windows from ACPI; if necessary, use "pci=nocrs" and report a bug
[   10.463380] ACPI: PCI Root Bridge [PCI0] (domain 0000 [bus 00-ff])
[   10.603091] acpi PNP0A03:00: _OSC: OS supports [ASPM ClockPM Segments MSI]
[   10.778916] acpi PNP0A03:00: _OSC: not requesting OS control; OS requires [ExtendedConfig ASPM ClockPM MSI]
[   11.052757] acpi PNP0A03:00: fail to add MMCONFIG information, can't access extended PCI configuration space under this bridge.
[   11.314232] PCI host bridge to bus 0000:00
[   11.381485] pci_bus 0000:00: root bus resource [io  0x0000-0x0cf7 window]
[   11.382394] pci_bus 0000:00: root bus resource [io  0x0d00-0xffff window]
[   11.383330] pci_bus 0000:00: root bus resource [mem 0x000a0000-0x000bffff window]
[   11.460158] pci_bus 0000:00: root bus resource [mem 0x40000000-0xfdffffff window]
[   11.562473] pci_bus 0000:00: root bus resource [bus 00-ff]
[   11.576942] pci 0000:00:01.1: legacy IDE quirk: reg 0x10: [io  0x01f0-0x01f7]
[   11.577966] pci 0000:00:01.1: legacy IDE quirk: reg 0x14: [io  0x03f6]
[   11.578907] pci 0000:00:01.1: legacy IDE quirk: reg 0x18: [io  0x0170-0x0177]
[   11.610497] pci 0000:00:01.1: legacy IDE quirk: reg 0x1c: [io  0x0376]
[   11.637991] pci 0000:00:07.0: quirk: [io  0x4000-0x403f] claimed by PIIX4 ACPI
[   11.639324] pci 0000:00:07.0: quirk: [io  0x4100-0x410f] claimed by PIIX4 SMB
[   11.659943] ACPI: PCI Interrupt Link [LNKA] (IRQs 5 9 10 *11)
[   11.664014] ACPI: PCI Interrupt Link [LNKB] (IRQs 5 9 *10 11)
[   11.665342] ACPI: PCI Interrupt Link [LNKC] (IRQs 5 *9 10 11)
[   11.666636] ACPI: PCI Interrupt Link [LNKD] (IRQs 5 9 10 *11)
[   11.687719] ACPI: Enabled 2 GPEs in block 00 to 07
[   11.716071] vgaarb: setting as boot device: PCI:0000:00:02.0
[   11.716957] vgaarb: device added: PCI:0000:00:02.0,decodes=io+mem,owns=io+mem,locks=none
[   11.737014] vgaarb: loaded
[   11.749235] vgaarb: bridge control possible 0000:00:02.0
[   11.782038] SCSI subsystem initialized
[   11.782891] ACPI: bus type USB registered
[   11.784880] usbcore: registered new interface driver usbfs
[   11.785793] usbcore: registered new interface driver hub
[   11.808788] usbcore: registered new device driver usb
[   11.821776] PCI: Using ACPI for IRQ routing
[   11.822791] NetLabel: Initializing
[   11.847222] NetLabel:  domain hash size = 128
[   11.884679] NetLabel:  protocols = UNLABELED CIPSOv4
[   11.885927] NetLabel:  unlabeled traffic allowed by default
[   11.907910] amd_nb: Cannot enumerate AMD northbridges
[   11.908820] clocksource: Switched to clocksource kvm-clock
[   .9755] AppArmor: AppArmor Filesystem Enabled
[   12.074067] pnp: PnP ACPI init
[ 1275274] pnp: PnP ACPI: found 3 dece

[   12.235982] clocksource: acpi_pm mk:xffffff ma_ccl: ffffmaid_n 25702ns[ 12363]ET Registered protocol family 2
[   13.193783] TCP established hash table entries: 8192 (order: 4, 65536 bytes)
  3.36] P ndastae trs:192 (order: 5, 131072 bytes)
  4.37] P:astaes configedesblhe81 bd 92
[ 14636]DPhash table entries: 512 rd:  184yt)  5.70] DPLite hash table entries: 512 (order: 2, 16384 bytes)
[   15.753878] NET: Registered protocol family 1
[   15.754552] pci 000000. Litng direct PCI/PCI transfers
[ 16734]ci00001. AivinISADMha wkaun
  6.78] packing initramfs...

[   17.213169] Freeing initrd memory: 14884K
[   17.240224] clocksource: tsc: mask: 0xffffffffffffffff max_cycles: 0x311fcde90a1, max_idle_ns: 440795222066 ns
[   17.241645] platform rtc_cmos: registered platform RTC device (no PNP device found)
[   17.460389] Scanning for low memory corruption every 60 seconds
[   17.628934] audit: initializing netlink subsys (disabled)
[   17.692654] audit: type=2000 audit(1598768246.641:1): initialized
[   17.713762] Initialise system trusted keyring
[   17.809990] HugeTLB registered 2 MB page size, pre-allocated 0 pages
[   18.001581] zbud: loaded
[   18.012988] VFS: Disk quotas dquot_6.6.0
[   18.013638] VFS: Dquot-cache hash table entries: 512 (order 0, 4096 bytes)
[   18.014695] squashfs: version 4.0 (2009/01/31) Phillip Lougher
[   18.268859] fuse init (API version 7.23)
[   18.385725] Key type big_key registered
[   18.497216] Allocating IMA MOK and blacklist keyrings.
[   18.651744] Key type asymmetric registered
[   18.652375] Asymmetric key parser 'x509' registered
[   18.653108] Block layer SCSI generic (bsg) driver version 0.4 loaded (major 249)
[   18.654357] io scheduler noop registered
[   18.742764] io scheduler deadline registered (default)
[   18.777276] io scheduler cfq registered
[   18.865718] pci_hotplug: PCI Hot Plug PCI Core version: 0.5
[   19.031526] pciehp: PCI Express Hot Plug Controller Driver version: 0.4
[   19.211761] ACPI: AC Adapter [AC] (on-line)
[   19.275612] input: Power Button as /devices/LNXSYSTM:00/LNXPWRBN:00/input/input0
[   19.276726] ACPI: Power Button [PWRF]
[   19.277385] input: Sleep Button as /devices/LNXSYSTM:00/LNXSLPBN:00/input/input1
[   19.278500] ACPI: Sleep Button [SLPF]
[   19.381671] GHES: HEST is not enabled!
[ 19.583784] Serl:25160 rier, 32 ports, IRshing enabled
[ 202566] 00:02:ty aI/0x8 rq 4ba_bd 1100is 16550A

[   20.839958] Linux agpgart interface v..00
[   21.003985] loop: module loaded
[   21.323020] scsi host0: ata_piix
[   21.662713] scsi host1:aaaappiix
[   21.982617] tta1: PATA max UDMA/33 cmd 0x1f0 ctl00x3f6 bmdma 0xd000 irq 14
[   22.622596] ata2: PATA max UDMA/33 cmd 0x170 ctl 0x376 bmdma 0xd008 irq 15
[   23.152687] libphy: Fixed MDIO Bus: probed
[   23.242825] tun: Universal TUN/TAP device driver, 1.6
[   23.368849] tun: (C) 1999-2004 Max Krasnyansky <maxk@qualcomm.com>
[   23.992663] PPP generic driver version 2.4.2
[   24.122641] ehci_hcd: USB 2.0 'Enhanced' Host Controller (EHCI) Driver
[   24.127231] ehci-pci: EHCI PCI platform driver
[   24.572576] ehci-platform: EHCI generic platform driver
[   550022569] ohci_hcd: USB 1.1 'Open' Host Controller (OHCI) Driver
[   25.173054] ohci-pci: OHCI PCI plttoomm driver
[   25.552564] ohci-platform: OHCI generic platform driver
[   26.112573] uhci_hcd: USB Universal Host Controller Interface driver
[   26.552751] i8042: PNP: PS/2 Controller [PNP0303:PS2K,PNP0f03:PSMM] at 0x60,0x64 irq 1,12
[   27.293265] srrio: i8042 KBD port at 0x60,0x64 irq 1
[   27.732548] serio: i804  UU  oottaa  0x60,0x64 irq 12
[   28.252720] mousedev: PS/2 mouse device common for all mice
[   28.812897] rtc_cmos rtc_cmos: rtc core: registered rtc_cmos as rtc0
[   29.422667] rtc_cmos rtc_cmos: alarms up to one day, 114 bytes nvram
[   29.792602] i2c /dev entries driver
[   30.072649] input: AT Translated Set 2 keyboard as /devices/platform/i8042/serio0/input/input2
[   30.074025] device-mapper: uevent: version 1.0.3
[   30.074812] device-mapper: ioctl: 4.34.0-ioctl (2015-10-28) initialised: dm-devel@redhat.com
[   30.076008] ledtrig-cpu: registered to indicate activity on CPUs
[   30.077482] NET: Registered protocol family 10
[   30.204754] NET: Registered protocol family 17
[   30.334777] Key type dns_resolver registered
[   30.420250] registered taskstats version 1
[   30.521174] Loading compiled-in X.509 certificates
[   30.547038] Loaded X.509 cert 'Build time autogenerated kernel key: cef5e81496c0efa51b848ab539e845ddf31c08be'
[   30.628929] zswap: loaded using pool lzo/zbud
[   30.835059] Key type trusted registered
[   30.951024] Key type encrypted registered
[   31.066927] AppArmor: AppArmor sha1 policy hashing enabled
[   31.212365] ima: No TPM chip found, activating TPM-bypass!
[   31.314463] ima: Allocated hash algorithm: sha1
[   31.315125] evm: HMAC attrs: 0x1
[   31.315910]   Magic number: 0:621:267
[   31.316471]   hash matches /build/linux-OgLptz/linux-4.4.0/drivers/base/power/main.c:740
[   31.397913] rtc_cmos rtc_cmos: setting system clock to 2020-08-30 06:17:46 UTC (1598768266)
[   31.483657] BIOS EDD facility v0.16 2004-Jun-25, 0 devices found
[   31.590801] EDD information not available.
[   31.688319] Freeing unused kernel memory: 1492K
[   31.836975] Write protecting the kernel read-only data: 14336k
[   32.723174] Freeing unused kernel memory: 1592K
[   33.042699] Freeing unused kernel memory: 56K
Loading, please [   33.054080] random: systemd-udevd: uninitialized urandom read (16 bytes read, 13 bits of entropy available)
wait...
startin[   33.054608] random: udevadm: uninitialized urandom read (16 bytes read, 13 bits of entropy available)
g version 229
[   33.054622] random: udevadm: uninitialized urandom read (16 bytes read, 13 bits of entropy available)
[   33.061627] random: udevadm: uninitialized urandom read (16 bytes read, 13 bits of entropy available)
[   33.061664] random: udevadm: uninitialized urandom read (16 bytes read, 13 bits of entropy available)
[   33.061770] random: udevadm: uninitialized urandom read (16 bytes read, 13 bits of entropy available)
[   33.061811] random: udevadm: uninitialized urandom read (16 bytes read, 13 bits of entropy available)
[   33.061850] random: udevadm: uninitialized urandom read (16 bytes read, 13 bits of entropy available)
[   33.061888] random: udevadm: uninitialized urandom read (16 bytes read, 13 bits of entropy available)
[   33.061926] random: udevadm: uninitialized urandom read (16 bytes read, 13 bits of entropy available)
[   33.386335] e1000: Intel(R) PRO/1000 Network Driver - version 7.3.21-k8-NAPI
[   33.445389] e1000: Copyright (c) 1999-2006 Intel Corporation.
[   33.490829] Fusion MPT base driver 3.04.20
[   33.722566] Copyright (c) 1999-2008 LSI Corporation
[   33.748683] Fusion MPT SPI Host driver 3.04.20
[   33.793423] mptbase: ioc0: Initiating bringup
[   33.796785] AVX2 version of gcm_enc/dec engaged.
[   33.797520] AES CTR mode by8 optimization enabled
[   33.921320] ioc0: [   34.063267] input: ImExPS/2 Generic Explorer Mouse as /devices/platform/i8042/serio1/input/input4

[   34.112801] LSI53C1030 A0: Capabilities={Initiator}
[   34.513839] scsi host2: ioc0: LSI53C1030 A0, FwRev=00000000h, Ports=1, MaxQ=256, IRQ=20
[   34.906757] scsi 2:0:0:0: Direct-Access     VBOX     HARDDISK         1.0  PQ: 0 ANSI: 5
[   35.150194] scsi target2:0:0: Beginning Domain Validation
[   35.244276] e1000 0000:00:03.0 eth0: (PCI:33MHz:32-bit) 02:81:88:50:25:98
[   35.244280] e1000 0000:00:03.0 eth0: Intel(R) PRO/1000 Network Connection
[   35.580193] e1000 0000:00:08.0 eth1: (PCI:33MHz:32-bit) 08:00:27:c7:cc:24
[   35.580195] e1000 0000:00:08.0 eth1: Intel(R) PRO/1000 Network Connection
[   35.602437] e1000 0000:00:08.0 enp0s8: renamed from eth1
[   35.822869] scsi target2:0:0: Domain Validation skipping write tests
[   35.823734] scsi target2:0:0: Ending Domain Validation
[   35.824514] scsi target2:0:0: asynchronous
[   35.825654] scsi 2:0:1:0: Direct-Access     VBOX     HARDDISK         1.0  PQ: 0 ANSI: 5
[   36.000506] scsi target2:0:1: Beginning Domain Validation
[   36.529863] e1000 0000:00:03.0 enp0s3: renamed from eth0
[   36.743919] scsi target2:0:1: Domain Validation skipping write tests
[   36.743920] scsi target2:0:1: Ending Domain Validation
[   36.743947] scsi target2:0:1: asynchronous
[   36.745830] sd 2:0:0:0: Attached scsi generic sg0 type 0
[   36.745936] sd 2:0:1:0: Attached scsi generic sg1 type 0
[   36.746010] sd 2:0:0:0: [sda] 20971520 512-byte logical blocks: (10.7 GB/10.0 GiB)
[   36.746083] sd 2:0:0:0: [sda] Write Protect is off
[   36.746133] sd 2:0:0:0: [sda] Incomplete mode parameter data
[   36.746134] sd 2:0:0:0: [sda] Assuming drive cache: write through
[   36.746994]  sda: sda1
[   36.747463] sd 2:0:0:0: [sda] Attached SCSI disk
[   36.747510] sd 2:0:1:0: [sdb] 20480 512-byte logical blocks: (10.5 MB/10.0 MiB)
[   36.747577] sd 2:0:1:0: [sdb] Write Protect is off
[   36.747624] sd 2:0:1:0: [sdb] Incomplete mode parameter data
[   36.747625] sd 2:0:1:0: [sdb] Assuming drive cache: write through
[   36.750138] sd 2:0:1:0: [sdb] Attached SCSI disk
Begin: Loading e[   40.514749] md: linear personality registered for level -1
ssential drivers ... [   40.686440] md: multipath personality registered for level -4
[   40.974918] md: raid0 personality registered for level 0
[   41.109383] md: raid1 personality registered for level 1
[   41.480863] raid6: sse2x1   gen() 13026 MB/s
[   41.672834] raid6: sse2x1   xor()  9469 MB/s
[   41.760863] raid6: sse2x2   gen() 15448 MB/s
[   41.888857] raid6: sse2x2   xor() 10806 MB/s
[   41.976860] raid6: sse2x4   gen() 18321 MB/s
[   42.168827] raid6: sse2x4   xor() 10750 MB/s
[   42.348857] raid6: avx2x1   gen() 21579 MB/s
[   42.536856] raid6: avx2x2   gen() 29087 MB/s
[   42.724856] raid6: avx2x4   gen() 32787 MB/s
[   42.852193] raid6: using algorithm avx2x4 gen() 32787 MB/s
[   43.013982] raid6: using avx2x2 recovery algorithm
[   43.152814] xor: automatically using best checksumming function:
[   43.505429]    avx       : 59474.000 MB/sec
[   43.653786] async_tx: api initialized (async)
[   43.682229] md: raid6 personality registered for level 6
[   43.714582] md: raid5 personality registered for level 5
[   43.715339] md: raid4 personality registered for level 4
[   43.832933] md: raid10 personality registered for level 10
done.
Begin: Running /scripts/init-premount ... done.
Begin: Mounting root file[   43.944925] Btrfs loaded
 system ... Begin: Running /scripts/local-top ... done.
Begin: Running /scripts/local-premount ... Scanning for Btrfs filesystems
done.
Warning: fsck no[   44.056043] EXT4-fs (sda1): mounted filesystem with ordered data mode. Opts: (null)
t present, so skipping root file system
done.
Begin: Running /scripts/local-bottom ... done.
Begin: Running /scripts/init-bottom ... done.
[   44.287202] systemd[1]: systemd 229 running in system mode. (+PAM +AUDIT +SELINUX +IMA +APPARMOR +SMACK +SYSVINIT +UTMP +LIBCRYPTSETUP +GCRYPT +GNUTLS +ACL +XZ -LZ4 +SECCOMP +BLKID +ELFUTILS +KMOD -IDN)
[   44.465578] systemd[1]: Detected virtualization oracle.
[   44.470247] systemd[1]: Detected architecture x86-64.

Welcome to [1mUbuntu 16.04.6 LTS[0m!

[   44.493963] systemd[1]: Sethhssnnmme to <ubuntu>.
[   44.936042] systemd[1]: Initializing machine ID from random generator.
[   44.936981] systemd[1]:IInstalled transient /etc/machine-id file.
[   45.268168] random: nonblocking pool is initialized
[   45.557473] systemd[1]: Set up automount Arbitrary Executable File Formats File System Automount Point.
[[0;32m  OK  [0m] Set up automount Arbitrary Executab...ats File System Automount Point.
[   45.633081] systemd[1]: Reached target Swap.
[[0;32m  OK  [0m] Reached target Swap.
[   45.823532] systemd[1]: Listening on LVM2 metadata daemon socket.
[[0;32m  OK  [0m] Listening on LVM2 metadata daemon socket.
[   66220000]] systemd[1]: Listening on Journal Socket (/dev/log).
[[0;32m  OK  [0m] Listening on Journal Socket (/dev/log).
[   46.651912] systemd[1]: Listening on Journal Socket.
[[0;32m  OK  [0m] Listening on Journal Socket.
[   46.656566] systemd[1]: Listening on Syslog Socket.
[[0;32m  OK  [0m] Listening on Syslog Socket.
[   46.720196] systemd[1]: Started Trigger resolvconf update for networkd DNS.
[[0;32m  OK  [0m] Started Trigger resolvconf update for networkd DNS.
[   46.777182] systemd[1]: Listening on Device-mapper event daemon FIFOs.
[[0;32m  OK  [0m] Listening on Device-mapper event daemon FIFOs.
[   46.957151] systemd[1]: Listening on Journal Audit Socket.
[[0;32m  OK  [0m] Listening on Journal Audit Socket.
[   46.986589] systemd[1]: Listening nnuudev KernllSSocket.
[[0;32m  OK  [0m] Listening on udev Kernel Socket.
[   47.261144] systemd[1]: Started Forward Password Requests to Wall Directory Watch.
[[0;32m  OK  [0m] Started Forward Password Requests to Wall Directory Watch.
[   47.485446] systemd[1]: Created slice User and Session Slice.
[[0;32m  OK  [0m] Created slice User and Session Slice.
[   47.506915] systemd[1]: Created slice System Slice.
[[0;32m  OK  [0m] Created slice System Slice.
[   47.537123] systemd[1]: Starting Create list of required static device nodes for the current kernel...
         Starting Create list of required st... nodes for the current kernel...
[   47.565267] systemd[1]: Created slice system-serial\x2dgetty.slice.
[[0;32m  OK  [0m] Created slice system-serial\x2dgetty.slice.
[   47.601034] systemd[1]: Mounting Huge Pages File System...
         Mounting Huge Pages File System...
[   47.651818] systemd[1]: Starting Nameserver information manager...
         Starting Nameserver information manager...
[   47.909061] systemd[1]: Starting Uncomplicated firewall...
         Starting Uncomplicated firewall...
[   48.113082] systemd[1]: Starting Monitoring of LVM2 mirrors, snapshots etc. using dmeventd or progress polling...
         Starting Monitoring of LVM2 mirrors... dmeventd or progress polling...
[   48.138780] systemd[1]: Listening on /dev/initctl Compatibility Named Pipe.
[[0;32m  OK  [0m] Listening on /dev/initctl Compatibility Named Pipe.
[   48.161174] systemd[1]: Starting Load Kernel Modules...
         Starting Load Kernel Modules...
[   48.180838] systemd[1]: Listening on LVM2 poll daemon socket.
[   48.265535] Loading iSCSI transport class v2.0-870.
[[0;32m  OK  [0m] Listening on LVM2 poll daemon socket.
[   48.274789] iscsi: registered transport (tcp)
[   48.304131] systemd[1]: Listening on udev Control Socket.
[[0;32m  OK  [0m] Listening on[   48.358974] iscsi: registered transport (iser)
 udev Control Socket.
[   484413061] systemd[1]: Mounting POSIX Message Queue File System...
         Mounting POSIX Message Queue File System...
[   48.804992] systedd[1]: Reached target User and Group Name Lookups.
[[0;32m  OK  [0m] Reached target User and Group Name Lookups.
[   49114499]]ssystemd[1]: Reached target SyttmmTTmm  yynchronized.
[[0;32m  OK  [0m] Reached target System Time Synchronized.
[   498817074] systemd[1]: Starting Remount Root and Kernel File Systems...
[   49.821444  XX44ff  ssda1): re-mounted. Opts: (null)
         Starting Remount Root and Kernel File Systems...
[   50.232793] systemd[1]: Mounting Debug File System...
         Mounting Debug File System...
[   50.317636] systemd[1]: Starting Journal Service...
         Starting Journal Service...
[   50.333500] systemd[1]: Starting Set console keymap...
         Starting Set console keymap...
[   503366882] systemd[1]: Reached target Encrypted Volumes.
[[0;32m  OK  [0m] Reached target Encrypted Volumes.
[   50.629186] systemd[1]: Reached target Slices.
[[0;32m  OK  [0m] Reached target Slices.
[   50.693660] systemd[1]: Mounted Huge Pages File System.
[[0;32m  OK  [0m] Mounted Huge Pages File System.
[   50.960984] systemd[1]: Mounted POSIX Message Queue File System.
[[0;32m  OK  [0m] Mounted POSIX Message Queue File System.
[   51.009158] systemd[1]: Mounted Debug File System.
[[0;32m  OK  [0m] Mounted Debug File System.
[   51.153199] systemd[1]: Started Journal Service.
[[0;32m  OK  [0m] Started Journal Service.
[[0;32m  OK  [0m] Started Create list of required sta...ce nodes for the current kernel.
[[0;32m  OK  [0m] Started Uncomplicated firewall.
[[0;32m  OK  [0m] Started Load Kernel Modules.
[[0;32m  OK  [0m] Started Remount Root and Kernel File Systems.
[[0;32m  OK  [0m] Started Set console keymap.
[[0;32m  OK  [0m] Started Nameserver information manager.
[[0;32m  OK  [0m] Started LVM2 metadata daemon.
         Starting Load/Save Random Seed...
         Starting udev Coldplug all Devices...
         Mounting FUSE Control File System...
         Starting Apply Kernel Variables...
         Starting Create Static Device Nodes in /dev...
         Starting Flush Journal to Persistent Storage...
[[0;32m  OK  [0m] Mounted FUSE Control File System.
[[0;32m  OK  [0m] Started Load/Save Random Seed.
[[0;32m  OK  [0m] Started Apply Kernel Variables.
[[0;32m  OK  [0m] Started Create Static Device Nodes in /dev.
[[0;32m  OK  [0m] Started Monitoring of LVM2 mirrors,...ng dmeventd or progress polling.
[[0;32m  OK  [0m] Started udev Coldplug all Devices.
[[0;32m  OK  [0m] Reached target Local File Systems (Pre).
[[0;32m  OK  [0m] Reached target Local File Systems.
         Starting LSB: AppArmor initialization...
         Starting Tell Plymouth To Write Out Runtime Data...
         Starting Set console font and keymap...
         Starting Commit a transient machine-id on disk...
         Starting Initial cloud-init job (pre-networking)...
         Starting udev Kernel Device Manager...
[[0;32m  OK  [0m] Started Tell Plymouth To Write Out Runtime Data.
[[0;32m  OK  [0m] Started Commit a transient machine-id on disk.
[[0;32m  OK  [0m] Started Flush Journal to Persistent Storage.
         Starting Create Volatile Files and Directories...
[[0;32m  OK  [0m] Started Create Volatile Files and Directories.
[[0;32m  OK  [0m] Started udev Kernel Device Manager.
[[0;32m  OK  [0m] Started Dispatch Password Requests to Console Directory Watch.
         Starting Update UTMP about System Boot/Shutdown...
[[0;32m  OK  [0m] Started Update UTMP about System Boot/Shutdown.
[[0;32m  OK  [0m] Found device /dev/ttyS0.
[[0;32m  OK  [0m] Listening on Load/Save RF Kill Switch Status /dev/rfkill Watch.
[[0;32m  OK  [0m] Started LSB: AppArmor initialization.
         Starting Load AppArmor profiles managed internally by snapd...
[   42.274119] cloud-init[491]: Cloud-init v. 20.2-45-g5f7825e2-0ubuntu1~16.04.1 running 'init-local' at Sun, 30 Aug 2020 06:18:08 +0000. Up 41.93 seconds.
[[0;32m  OK  [0m] Started Load AppArmor profiles managed internally by snapd.
[[0;32m  OK  [0m] Started Set console font and keymap.
[[0;32m  OK  [0m] Started Initial cloud-init job (pre-networking).
[[0;32m  OK  [0m] Reached target Network (Pre).
         Starting Raise network interfaces...
[[0;32m  OK  [0m] Created slice system-getty.slice.
[[0;32m  OK  [0m] Started Raise network interfaces.
[[0;32m  OK  [0m] Reached target Network.
         Starting Initial cloud-init job (metadata service crawler)...
[   43.795045] cloud-init[960]: Cloud-init v. 20.2-45-g5f7825e2-0ubuntu1~16.04.1 running 'init' at Sun, 30 Aug 2020 06:18:09 +0000. Up 43.13 seconds.
[[0;32m  OK  [0m] Started Initial cloud-init job (metadata service crawler).
[[0;32m  OK  [0m] Reached target Network is Online.
[   43.937212] cloud-init[960]: ci-info: ++++++++++++++++++++++++++++++++++++++Net device info+++++++++++++++++++++++++++++++++++++++
[   44.044611]          cloud-initStarting iSCSI initiator daemon (iscsid)...[960]: 
ci-info: +--------+-------+----------------------------+---------------+--------+-------------------+
[   44.110228] [[0;32m  OK  [0m] Reached target Cloud-config availability.
[[0;32m  OK  [0m] Reached target System Initialization.
cloud-init[960]: ci-info: | Device |   Up  |          Address           |      Mask     | Scope  |     Hw-Address    |
[   44.238517] [cloud-init[0;32m  OK  [0m[960]: ] ci-info: +--------+-------+----------------------------+---------------+--------+-------------------+Started ACPI Events Check.

[   44.301691] [[0;32m  OK  [0m] Reached target Paths.
[[0;32m  OK  [0m] Listening on UUID daemon activation socket.
[[0;32m  OK  [0m] Listening on D-Bus System Message Bus Socket.
         Starting Socket activation for snappy daemon.
[[0;32m  OK  [0m] Started Message of the Day.
cloud-init[960]: ci-info: | enp0s3 |  True |         10.0.2.15          | 255.255.255.0 | global | 02:81:88:50:25:98 |
[[0;32m  OK  [0m] Listening on ACPID Listen Socket.
[[0;32m  OK  [0m] Started Daily apt download activities.
[[0;32m  OK  [0m] Started Daily apt upgrade and clean activities.
[   44.303804] cloud-init[960]: ci-info: | enp0s3 |  True | fe80::81:88ff:fe50:2598/64 |       .       |  link  | 02:81:88:50:25:98 |
[   44.476934]          cloud-initStarting LXD - unix socket.[960]: 
ci-info: | enp0s8 | False |             .              |       .       |   .    | 08:00:27:c7:cc:24 |
[   44.604876] [cloud-init[0;32m  OK  [0m[960]: ] ci-info: |   lo   |  True |         127.0.0.1          |   255.0.0.0   |  host  |         .         |Started Daily Cleanup of Temporary Directories.

[   44.724937] [cloud-init[0;32m  OK  [0m[960]: ] ci-info: |   lo   |  True |          ::1/128           |       .       |  host  |         .         |Reached target Timers.

[   44.768827] cloud-init[960]: ci-info: +--------+-------+----------------------------+---------------+--------+-------------------+
[   44.808731] cloud-init[960]: ci-info: +++++++++++++++++++++++++++Route IPv4 info++++++++++++++++++++++++++++
[[0;32m  OK  [0m] Listening on Socket activation for snappy daemon.
[[0;32m  OK  [0m] Listening on LXD - unix socket.
[   44.846040] cloud-init[960]: ci-info: +-------+-------------+----------+---------------+-----------+-------+
[   44.900570] cloud-init[960]: ci-info: | Route | Destination | Gateway  |    Genmask    | Interface | Flags |
[[0;32m  OK  [0m] Started iSCSI initiator daemon (iscsid).
[   44.927320] cloud-init[960]: ci-info: +-------+-------------+----------+---------------+-----------+-------+
         Starting Login to default iSCSI targets...
[[0;32m  OK  [0m] Reached target Sockets.
[[0;32m  OK  [0m] Reached target Basic System.
[   44.996506] cloud-init[960]: ci-info: |   0   |   0.0.0.0   | 10.0.2.2 |    0.0.0.0    |   enp0s3  |   UG  |
[   45.090494] cloud-init[960]: ci-info: |   1   |   10.0.2.0  | 0.0.0.0  | 255.255.255.0 |   enp0s3  |   U   |
         Starting Accounts Service...
[   45.092530] cloud-init[960]: ci-info: +-------+-------------+----------+---------------+-----------+-------+
[   45.123315] cloud-init[960]: ci-info: +++++++++++++++++++Route IPv6 info+++++++++++++++++++
[   45.164520] cloud-init[960]: ci-info: +-------+-------------+---------+-----------+-------+
[   45.165590] cloud-init[960]: ci-info: | Route | Destination | Gateway | Interface | Flags |
[   45.165880] cloud-init[960]: ci-info: +-------+-------------+---------+-----------+-------+
[   45.166122] cloud-init[960]: ci-info: |   0   |  fe80::/64  |    ::   |   enp0s3  |   U   |
[   45.166758] cloud-init[960]: ci-info: |   3   |   ff00::/8  |    ::   |   enp0s3  |   U   |
[   45.166863] cloud-init[960]: ci-info: +-------+-------------+---------+-----------+-------+
[   45.167092] cloud-init[960]: Generating public/private rsa key pair.
[   45.167571] cloud-init[960]: Your identification has been saved in /etc/ssh/ssh_host_rsa_key.
[   45.167817] cloud-init[960]: Your public key has been saved in /etc/ssh/ssh_host_rsa_key.pub.
[   45.168126] cloud-init[960]: The key fingerprint is:
[   45.168326] cloud-init[960]: SHA256:zVPlzqeIO2ieI6WClyqjkErrsWpWvC6fodm4EsA/698 root@ubuntu-xenial
         Starting LXD - container startup/shutdown...
[   45.168551] cloud-init[960]: The key's randomart image is:
[   45.253948] cloud-init[960]: +---[RSA 2048]----+
[   45.261121] cloud-init[960]: |              .  |
[   45.292771] cloud-init[960]: |             o   |
[   45.293881] cloud-init[960]: |.           . .  |
         Starting Login Service...
[   45.294465] cloud-init[960]: |..       o . o   |
[   45.349385] cloud-init[960]: |. o     S +   o .|
[   45.372412] cloud-init[960]: |.. =    .  o . o |
[   45.404217] cloud-init[960]: |o+.o+. o .. . .  |
[   45.404405] cloud-init[960]: |B+Xo* + +...     |
         Starting LSB: Record successful boot for GRUB...
[   45.404658] cloud-init[960]: |@@BO.o Eo...     |
[   45.420603] cloud-init[960]: +----[SHA256]-----+
[   45.444209] cloud-init[960]: Generating public/private dsa key pair.
[   45.496712] cloud-init[960]: Your identification has been saved in /etc/ssh/ssh_host_dsa_key.
[[0;32m  OK  [0m] Started Deferred execution scheduler.
[   45.544621] cloud-init[960]: Your public key has been saved in /etc/ssh/ssh_host_dsa_key.pub.
[   45.574917] cloud-init[960]: The key fingerprint is:
[   45.578241] cloud-init[960]: SHA256:+A3X43Ci4hpAXJVi+ihXNEXGfhLg2llxXHoUUBUnAhA root@ubuntu-xenial
         Starting /etc/rc.local Compatibility...
         Starting System Logging Service...
[[0;32m  OK  [0m] Started Regular background program processing daemon.
[[0;32m  OK  [0m] Started FUSE filesystem for LXC.
[   45.582918] cloud-init[960]: The key's randomart image is:
[   45.668955] cloud-init[960]: +---[DSA 1024]----+
[   45.669124] cloud-init[960]: |    o*E=+=*o+..  |
[   45.669233] cloud-init[960]: | . o=.+o.o . o   |
[   45.669342] cloud-init[960]: |  o+.+... .      |
[   45.669443] cloud-init[960]: | ..o.oo... .     |
[   45.669546] cloud-init[960]: |  o+o .oS + +    |
[   45.669650] cloud-init[960]: |. o..  . = = .   |
[   45.669757] cloud-init[960]: | o  . . o . .    |
         Starting Pollinate to seed the pseudo random number generator...
[   45.669863] cloud-init[960]: |     o .         |
[   45.732194] cloud-init[960]: |    ...          |
[   45.732595] cloud-init[960]: +----[SHA256]-----+
[[0;32m  OK  [0m] Started D-Bus System Message Bus.
[   45.732807] cloud-init[960]: Generating public/private ecdsa key pair.
[   45.846114] cloud-init[960]: Your identification has been saved in /etc/ssh/ssh_host_ecdsa_key.
[   45.846419] cloud-init[960]: Your public key has been saved in /etc/ssh/ssh_host_ecdsa_key.pub.
         Starting Virtualbox guest utils...
[   45.846569] cloud-init[960]: The key fingerprint is:
[   45.944340] cloud-init[960]: SHA256:09j9yL+HENulrYOak9TWAAzTRu0Q0tOaCE8LEAobwEA root@ubuntu-xenial
[   45.944632] cloud-init[960]: The key's randomart image is:
         Starting LSB: MD monitoring daemon...
[   45.944804] cloud-init[960]: +---[ECDSA 256]---+
[   46.030422] cloud-init[960]: |XE  oo  +*o+     |
[   46.048287] cloud-init[960]: | = .  o .oO o    |
[   46.048632] cloud-init[960]: |. .    = + B     |
[   46.048807] cloud-init[960]: |        ++o.+   .|
[   46.048960] cloud-init[960]: |        S o..* + |
[   46.049284] cloud-init[960]: |         ...=o+ .|
[   46.049332] cloud-init[960]: |         . ooo.o |
[[0;32m  OK  [0m] Started ACPI event daemon.
[   46.049376] cloud-init[960]: |          o...+ .|
[   46.150314] cloud-init[960]: |          oo  o+ |
[   46.150606] cloud-init[960]: +----[SHA256]-----+
         Starting Snap Daemon...
[   46.150840] cloud-init[960]: Generating public/private ed25519 key pair.
[[   46.228346] cloud-init[960]: Your identification has been saved in /etc/ssh/ssh_host_ed25519_key.
[   46.228884] cloud-init[960]: Your public key has been saved in /etc/ssh/ssh_host_ed25519_key.pub.
[0;32m  OK  [0m] Started System Logging Service.
[   46.229010] cloud-init[960]: The key fingerprint is:
[[   46.280450] cloud-init[960]: SHA256:xj1XradpbCCcFevMkpN5VjqDPE1AAOp9lEgWBJBzyqs root@ubuntu-xenial
[   46.280818] cloud-init[960]: The key's randomart image is:
[0;32m  OK  [0m] Started LXD - container startup/shutdown.
[   46.280900] cloud-init[960]: +--[ED25519 256]--+
[[   46.331419] cloud-init[960]: |  .o.o*o.oo .    |
[   46.331772] cloud-init[960]: |  o .+ . . . o . |
[0;32m  OK  [0m] Started /etc/rc.local Compatibility.
[   46.332699] cloud-init[960]: | . +. . o   + o .|
[   46.346847] cloud-init[960]: |  o. . o + & + . |
[   46.352234] cloud-init[960]: |   .. . S / & . .|
[   46.378234] cloud-init[960]: |  .    o   X = + |
[   46.378433] cloud-init[960]: | .            *  |
[   46.378531] cloud-init[960]: |E            o   |
[   46.378647] cloud-init[960]: |                 |
[[0;32m  OK  [0m] Started LSB: Record successful boot for GRUB.
[   46.378682] cloud-init[960]: +----[SHA256]-----+
[[0;32m  OK  [0m] Started Login to default iSCSI targets.
[[0;32m  OK  [0m] Started Login Service.
[[0;32m  OK  [0m] Started Snap Daemon.
         Starting Wait until snapd is fully seeded...
[[0;32m  OK  [0m] Started Unattended Upgrades Shutdown.
         Starting Authenticate and Authorize Users to Run Privileged Tasks...
[[0;32m  OK  [0m] Reached target Remote File Systems (Pre).
[[0;32m  OK  [0m] Reached target Remote File Systems.
         Starting LSB: daemon to balance interrupts for SMP systems...
         Starting LSB: automatic crash report generation...
         Starting Permit User Sessions...
         Starting LSB: Set the CPU Frequency Scaling governor to "ondemand"...
[[0;32m  OK  [0m] Started Virtualbox guest utils.
[[0;32m  OK  [0m] Started LSB: MD monitoring daemon.
[[0;32m  OK  [0m] Started Permit User Sessions.
[[0;32m  OK  [0m] Started Authenticate and Authorize Users to Run Privileged Tasks.
[[0;32m  OK  [0m] Started Accounts Service.
         Starting Terminate Plymouth Boot Screen...
         Starting Hold until boot process finishes up...
[[0;32m  OK  [0m] Started LSB: daemon to balance interrupts for SMP systems.
[[0;32m  OK  [0m] Started Pollinate to seed the pseudo random number generator.
[[0;32m  OK  [0m] Started LSB: automatic crash report generation.
[[0;32m  OK  [0m] Started LSB: Set the CPU Frequency Scaling governor to "ondemand".
[[0;32m  OK  [0m] Started Terminate Plymouth Boot Screen.
[[0;32m  OK  [0m] Started Hold until boot process finishes up.
[[0;32m  OK  [0m] Started Serial Getty on ttyS0.
         Starting Set console scheme...
[[0;32m  OK  [0m] Started Getty on tty1.
[[0;32m  OK  [0m] Reached target Login Prompts.
         Starting OpenBSD Secure Shell server...
[[0;32m  OK  [0m] Started Set console scheme.
[[0;32m  OK  [0m] Started OpenBSD Secure Shell server.
[[0;32m  OK  [0m] Created slice User Slice of vagrant.
         Starting User Manager for UID 1000...
[[0;32m  OK  [0m] Started Session 1 of user vagrant.
[[0;32m  OK  [0m] Started User Manager for UID 1000.
         Stopping User Manager for UID 1000...
[[0;32m  OK  [0m] Stopped User Manager for UID 1000.
[[0;32m  OK  [0m] Removed slice User Slice of vagrant.
[[0;32m  OK  [0m] Created slice User Slice of vagrant.
         Starting User Manager for UID 1000...
[[0;32m  OK  [0m] Started User Manager for UID 1000.
[[0;32m  OK  [0m] Started Session 2 of user vagrant.
[[0;32m  OK  [0m] Started Wait until snapd is fully seeded.
         Starting Apply the settings specified in cloud-config...
[[0;32m  OK  [0m] Reached target Multi-User System.
[[0;32m  OK  [0m] Reached target Graphical Interface.
         Starting Update UTMP about System Runlevel Changes...
[[0;32m  OK  [0m] Started Update UTMP about System Runlevel Changes.
[   51.482840] cloud-init[1594]: Generating locales (this might take a while)...
[   52.079719] cloud-init[1594]:   en_US.UTF-8... done
[   52.108301] cloud-init[1594]: Generation complete.
[   52.412218] cloud-init[1594]: Cloud-init v. 20.2-45-g5f7825e2-0ubuntu1~16.04.1 running 'modules:config' at Sun, 30 Aug 2020 06:18:17 +0000. Up 51.39 seconds.
ci-info: no authorized SSH keys fingerprints found for user ubuntu.
<14>Aug 30 06:18:18 ec2: 
<14>Aug 30 06:18:18 ec2: #############################################################
<14>Aug 30 06:18:18 ec2: -----BEGIN SSH HOST KEY FINGERPRINTS-----
<14>Aug 30 06:18:18 ec2: 1024 SHA256:+A3X43Ci4hpAXJVi+ihXNEXGfhLg2llxXHoUUBUnAhA root@ubuntu-xenial (DSA)
<14>Aug 30 06:18:18 ec2: 256 SHA256:09j9yL+HENulrYOak9TWAAzTRu0Q0tOaCE8LEAobwEA root@ubuntu-xenial (ECDSA)
<14>Aug 30 06:18:18 ec2: 256 SHA256:xj1XradpbCCcFevMkpN5VjqDPE1AAOp9lEgWBJBzyqs root@ubuntu-xenial (ED25519)
<14>Aug 30 06:18:18 ec2: 2048 SHA256:zVPlzqeIO2ieI6WClyqjkErrsWpWvC6fodm4EsA/698 root@ubuntu-xenial (RSA)
<14>Aug 30 06:18:18 ec2: -----END SSH HOST KEY FINGERPRINTS-----
<14>Aug 30 06:18:18 ec2: #############################################################
-----BEGIN SSH HOST KEY KEYS-----
ecdsa-sha2-nistp256 AAAAE2VjZHNhLXNoYTItbmlzdHAyNTYAAAAIbmlzdHAyNTYAAABBBCg8UAb538dbKjK+3N2imZK6y12EyQM74WTkqCF4b9DxHiQ2hCz1EQrpJvjq7MktxxdeWwdjhq+eEB+kp8D2LzM= root@ubuntu-xenial
ssh-ed25519 AAAAC3NzaC1lZDI1NTE5AAAAIFX2QI9IoYXHuREb0gJIYK9gsVIr4lVJZT6V8OZPxA6B root@ubuntu-xenial
ssh-rsa AAAAB3NzaC1yc2EAAAADAQABAAABAQD6QqutZkvvNbESnP+UbQQRGwlmJ4DObaV3YAWDrXFon2sJLcjZvB58iurPFskouhIK/anN1iRzswKePYwtDwx5nTwBgO+bs7Itzv8GVWVrvpPCIAQs/D01+5IT0wkeIeYxPebvVpZ41yC81p9yhxR2lqsmkRBhD4IU0epqJAMZP1IOdcPdsmZV0TCONEA6pQpQdlPRJWu3ILTTxjWIhnF+KabnRPkUdJZ0MYuv01Q+BHf6SH3cjQ+jqkcZt3bh1UOjQ8fS4ZuzwNWnHOoxYXF1j0lmZcIEPeUgWAau/Viy9j1SkRE5N1ZX1SPMmpsJ3LH42Ax4XtOmz7U9MLfmahlb root@ubuntu-xenial
-----END SSH HOST KEY KEYS-----
[   52.773399] cloud-init[1850]: Cloud-init v. 20.2-45-g5f7825e2-0ubuntu1~16.04.1 running 'modules:final' at Sun, 30 Aug 2020 06:18:18 +0000. Up 52.66 seconds.
[   52.773549] cloud-init[1850]: ci-info: no authorized SSH keys fingerprints found for user ubuntu.
[   52.773642] cloud-init[1850]: Cloud-init v. 20.2-45-g5f7825e2-0ubuntu1~16.04.1 finished at Sun, 30 Aug 2020 06:18:18 +0000. Datasource DataSourceNoCloud [seed=/dev/sdb][dsmode=net].  Up 52.76 seconds

Ubuntu 16.04.6 LTS ubuntu-xenial ttyS0

ubuntu-xenial login: 